2026-09-06 04:06:31 - **** Job starts ****
Job id: 45323187
Hostname: r038

Currently Loaded Modules:
  1) anaconda3/2024.10-1

 

2026-09-06 04:06:33 - **** Loading mamba environment ****
2026-09-06 04:06:34 - **** Expression-only state continuum (DPT + PAGA) ****
2026-09-06 04:07:55,387 [INFO] Denoised AGTR1 (Pericyte-only-trained): 11680/11680 cells (100.0%)
2026-09-06 04:07:55,392 [INFO] Root state 'vascular_stabilizing' matched 7260 cells in obs['state_program']
2026-09-06 04:07:55,397 [INFO] Root cell index=10492 (requested=vascular_stabilizing, matched_on=state_program, root cell's state_program=vascular_stabilizing)
2026-09-06 04:09:09.869227: I tensorflow/core/platform/cpu_feature_guard.cc:210] This TensorFlow binary is optimized to use available CPU instructions in performance-critical operations.
To enable the following instructions: AVX2 FMA, in other operations, rebuild TensorFlow with the appropriate compiler flags.
                    feature level  spearman_rho       p_value  partial_rho     partial_p     n
 vascular_stabilizing_score  cell     -0.487508  0.000000e+00    -0.534469  0.000000e+00 11680
         inflammatory_score  cell     -0.452106  0.000000e+00    -0.511324  0.000000e+00 11680
synthetic_contractile_score  cell     -0.451197  0.000000e+00    -0.457196  0.000000e+00 11680
  activated_migratory_score  cell     -0.391652  0.000000e+00    -0.377557  0.000000e+00 11680
      fibroblast_like_score  cell     -0.222439 6.891885e-131    -0.213370 2.446439e-120 11680
    basement_membrane_score  cell      0.321518 4.550765e-279     0.399978  0.000000e+00 11680
                 AGTR1_expr  cell     -0.130448  1.689811e-45    -0.084384  6.558757e-20 11680
                 AGTR1_scvi  cell     -0.308244 1.619873e-255    -0.344935  0.000000e+00 11680
 vascular_stabilizing_score donor     -0.572875  2.589109e-18    -0.606353  9.222332e-21   194
         inflammatory_score donor     -0.490649  3.800740e-13    -0.613630  2.362773e-21   194
synthetic_contractile_score donor     -0.468296  5.754233e-12    -0.492430  3.495043e-13   194
  activated_migratory_score donor     -0.440728  1.265844e-10    -0.427682  5.519444e-10   194
      fibroblast_like_score donor     -0.290942  3.862608e-05    -0.214508  2.738795e-03   194
    basement_membrane_score donor      0.138151  5.473100e-02     0.255124  3.426590e-04   194
                 AGTR1_expr donor     -0.297272  2.561479e-05    -0.199040  5.520013e-03   194
                 AGTR1_scvi donor     -0.374223  7.648132e-08    -0.436959  2.107981e-10   194
-----
anndata             0.11.4
matplotlib          3.10.5
numpy               2.1.3
pandas              2.3.2
scanpy              1.11.4
scipy               1.15.3
seaborn             0.13.2
session_info        v1.0.1
-----
Python 3.10.18 | packaged by conda-forge | (main, Jun  4 2025, 14:45:41) [GCC 13.3.0]
Linux-4.18.0-553.22.1.el8_10.x86_64-x86_64-with-glibc2.28
-----
Session information updated at 2026-09-06 04:11
2026-09-06 04:11:51 - **** Job ends ****
