2026-09-22 12:50:06 - **** Job starts ****
Job id: 46790480
Node: 

Currently Loaded Modules:
  1) anaconda3/2024.10-1

 

2026-09-22 12:50:09 - **** (a) receiver programmes + module panel ****
wrote receiver_programs.tsv
ras_circuit_panel.tsv: 60 genes
2026-09-22 12:50:50 - **** (b) donor x cell-type pseudobulk ****
2026-09-22 12:54:58,002 [INFO] Opened ../../cell_communication/_m/ccc_niche.h5ad (423007 x 55329)
2026-09-22 12:55:16,870 [INFO] Normalization check passed (median expm1 row-sum 10000.00)
2026-09-22 12:55:16,873 [INFO] Aggregating 60/60 genes
2026-09-22 12:55:18,660 [INFO]   aggregated 20000/423007 cells
2026-09-22 12:55:19,896 [INFO]   aggregated 40000/423007 cells
2026-09-22 12:55:21,054 [INFO]   aggregated 60000/423007 cells
2026-09-22 12:55:22,080 [INFO]   aggregated 80000/423007 cells
2026-09-22 12:55:23,029 [INFO]   aggregated 100000/423007 cells
2026-09-22 12:55:24,285 [INFO]   aggregated 120000/423007 cells
2026-09-22 12:55:25,133 [INFO]   aggregated 140000/423007 cells
2026-09-22 12:55:26,079 [INFO]   aggregated 160000/423007 cells
2026-09-22 12:55:27,405 [INFO]   aggregated 180000/423007 cells
2026-09-22 12:55:28,384 [INFO]   aggregated 200000/423007 cells
2026-09-22 12:55:29,421 [INFO]   aggregated 220000/423007 cells
2026-09-22 12:55:30,366 [INFO]   aggregated 240000/423007 cells
2026-09-22 12:55:31,263 [INFO]   aggregated 260000/423007 cells
2026-09-22 12:55:32,396 [INFO]   aggregated 280000/423007 cells
2026-09-22 12:55:33,536 [INFO]   aggregated 300000/423007 cells
2026-09-22 12:55:34,425 [INFO]   aggregated 320000/423007 cells
2026-09-22 12:55:35,458 [INFO]   aggregated 340000/423007 cells
2026-09-22 12:55:36,406 [INFO]   aggregated 360000/423007 cells
2026-09-22 12:55:37,461 [INFO]   aggregated 380000/423007 cells
2026-09-22 12:55:38,302 [INFO]   aggregated 400000/423007 cells
2026-09-22 12:55:39,290 [INFO]   aggregated 420000/423007 cells
2026-09-22 12:55:39,410 [INFO]   aggregated 423007/423007 cells
2026-09-22 12:55:42,301 [INFO] Wrote ras_circuit_pseudobulk.tsv.gz: 5811 units x 127 cols
2026-09-22 12:55:42,305 [INFO] Units per group (n_cells >= 5):
ccc_group
DC2                          353
Interstitial macrophages     344
Classical monocytes          339
Alveolar macrophages         338
Non-classical monocytes      264
AT2_AGTR2undet               257
Mast cells                   238
Lymphatic EC                 203
Transitional Club-AT2        203
EC general capillary         199
AT1                          196
EC venous systemic           190
Adventitial fibroblasts      184
Alveolar fibroblasts         176
Vascular smooth muscle       168
EC venous pulmonary          158
EC aerocyte capillary        137
Peribronchial fibroblasts    133
AT2_AGTR2det                 118
Pericytes                    105
Myofibroblasts                61
Subpleural fibroblasts        12
-----
anndata             0.11.4
numpy               2.1.3
pandas              2.3.2
session_info        v1.0.1
-----
Python 3.10.18 | packaged by conda-forge | (main, Jun  4 2025, 14:45:41) [GCC 13.3.0]
Linux-4.18.0-553.22.1.el8_10.x86_64-x86_64-with-glibc2.28
-----
Session information updated at 2026-09-22 12:55
2026-09-22 12:56:15 - **** (c) niche affinity ****
2026-09-22 12:56:56,318 [INFO] airspace object: 310723 cells, X_pca_harmony (310723, 50)
2026-09-22 12:56:56,883 [INFO] gate: max |mean(4 affinities) - airspace_score| = 1.49e-07
2026-09-22 12:56:59,743 [INFO] pericyte barcodes matched to pericyte_states: 11680/11680 (100.00%)
2026-09-22 12:57:00,118 [INFO] wrote 11680 pericytes, 194 donors
2026-09-22 12:57:01,008 [INFO] AGTR1 pericyte detection 0.3742; 177 genes within +/-0.03 (achieved mean 0.3739)
2026-09-22 12:57:01,816 [INFO] gene pseudobulk: 194 donors x 178 genes
2026-09-22 12:57:04 - **** (d) niche-affinity statistics ****
pericytes: 11680 | donors: 194
Warning message:
In `[.data.table`(d, , `:=`(AGTR1_z, z_within_dataset(AGTR1_pb,  :
  A shallow copy of this data.table was taken so that := can add or remove 1 columns by reference. At an earlier point, this data.table was copied by R (or was created manually using structure() or similar). Avoid names<- and attr<- which in R currently (and oddly) may copy the whole data.table. Use set* syntax instead to avoid copying: ?set, ?setnames and ?setattr. It's also not unusual for data.table-agnostic packages to produce tables affected by this issue. If this message doesn't help, please report your use case to the data.table issue tracker so the root cause can be fixed or this message improved.
Warning message:
In `[.data.table`(d, , `:=`(AGTR1_z, z_within_dataset(AGTR1_pb,  :
  A shallow copy of this data.table was taken so that := can add or remove 1 columns by reference. At an earlier point, this data.table was copied by R (or was created manually using structure() or similar). Avoid names<- and attr<- which in R currently (and oddly) may copy the whole data.table. Use set* syntax instead to avoid copying: ?set, ?setnames and ?setattr. It's also not unusual for data.table-agnostic packages to produce tables affected by this issue. If this message doesn't help, please report your use case to the data.table issue tracker so the root cause can be fixed or this message improved.
Warning messages:
1: In `[.data.table`(d, , `:=`(AGTR1_z, z_within_dataset(AGTR1_pb,  :
  A shallow copy of this data.table was taken so that := can add or remove 1 columns by reference. At an earlier point, this data.table was copied by R (or was created manually using structure() or similar). Avoid names<- and attr<- which in R currently (and oddly) may copy the whole data.table. Use set* syntax instead to avoid copying: ?set, ?setnames and ?setattr. It's also not unusual for data.table-agnostic packages to produce tables affected by this issue. If this message doesn't help, please report your use case to the data.table issue tracker so the root cause can be fixed or this message improved.
2: In `[.data.table`(d, , `:=`(AGTR1_z, z_within_dataset(AGTR1_pb,  :
  A shallow copy of this data.table was taken so that := can add or remove 1 columns by reference. At an earlier point, this data.table was copied by R (or was created manually using structure() or similar). Avoid names<- and attr<- which in R currently (and oddly) may copy the whole data.table. Use set* syntax instead to avoid copying: ?set, ?setnames and ?setattr. It's also not unusual for data.table-agnostic packages to produce tables affected by this issue. If this message doesn't help, please report your use case to the data.table issue tracker so the root cause can be fixed or this message improved.
[primary] n=89 donors / 18 studies | interaction LRT chisq=2.34 df=3 P=0.505
[_detect] n=89 donors / 18 studies | interaction LRT chisq=6.31 df=3 P=0.0975
[_mincells20] n=69 donors / 17 studies | interaction LRT chisq=2.45 df=3 P=0.484
[_ageadj] n=47 donors / 13 studies | interaction LRT chisq=5.16 df=3 P=0.16
[_disease_adj] n=89 donors / 18 studies | interaction LRT chisq=2.36 df=3 P=0.502
[_healthy] n=42 donors / 13 studies | interaction LRT chisq=5.19 df=3 P=0.158
null: refitting the primary model for 177 detection-matched genes
  null 25/177
  null 50/177
  null 75/177
  null 100/177
  null 125/177
  null 150/177
  null 175/177
There were 50 or more warnings (use warnings() to see the first 50)

---- per-compartment AGTR1 slopes (primary) ----
   compartment       slope        SE   p_value      p_BH    null_mean     p_emp
        <fctr>       <num>     <num>     <num>     <num>        <num>     <num>
1:         AT1  0.07651320 0.1072287 0.4760058 0.7649560  0.013159883 0.5898876
2:         AT2  0.19117874 0.1072287 0.0755149 0.3020596  0.020590564 0.2022472
3: EC_aerocyte  0.05597625 0.1072287 0.6019998 0.7649560 -0.008455806 0.6067416
4:     EC_gcap -0.03208545 0.1072287 0.7649560 0.7649560  0.002401319 0.7696629
                   contrast  estimate        SE   p_value   null_mean
                     <char>     <num>     <num>     <num>       <num>
1:    EC_aerocyte - EC_gcap 0.0880617 0.1491299 0.5553642 -0.01085712
2: epithelial - endothelial 0.1219006 0.1054508 0.2487402  0.01990247
        p_emp
        <num>
1: 0.07865169
2: 0.48876404

Reproducibility information:
R version 4.4.3 (2025-02-28)
Platform: x86_64-conda-linux-gnu
Running under: Red Hat Enterprise Linux 8.10 (Ootpa)

Matrix products: default
BLAS/LAPACK: /ocean/projects/bio250020p/shared/opt/env/R_env/lib/libopenblasp-r0.3.29.so;  LAPACK version 3.12.0

locale:
[1] C

time zone: America/New_York
tzcode source: system (glibc)

attached base packages:
[1] stats     graphics  grDevices utils     datasets  methods   base     

other attached packages:
[1] emmeans_2.0.1     lmerTest_3.2-0    lme4_1.1-37       Matrix_1.7-4     
[5] data.table_1.17.8 optparse_1.7.5   

loaded via a namespace (and not attached):
 [1] gtable_0.3.6        dplyr_1.1.4         compiler_4.4.3     
 [4] tidyselect_1.2.1    Rcpp_1.1.0          parallel_4.4.3     
 [7] pbkrtest_0.5.5      tidyr_1.3.1         splines_4.4.3      
[10] scales_1.4.0        boot_1.3-32         coda_0.19-4.1      
[13] lattice_0.22-7      ggplot2_4.0.0       R6_2.6.1           
[16] generics_0.1.4      backports_1.5.0     rbibutils_2.3      
[19] MASS_7.3-65         tibble_3.3.0        nloptr_2.2.1       
[22] minqa_1.2.8         pillar_1.11.1       RColorBrewer_1.1-3 
[25] R.utils_2.13.0      rlang_1.1.6         getopt_1.20.4      
[28] broom_1.0.10        S7_0.2.0            estimability_1.5.1 
[31] cli_3.6.5           magrittr_2.0.4      Rdpack_2.6.4       
[34] grid_4.4.3          xtable_1.8-4        mvtnorm_1.3-3      
[37] lifecycle_1.0.4     nlme_3.1-168        R.oo_1.27.1        
[40] R.methodsS3_1.8.2   reformulas_0.4.2    vctrs_0.6.5        
[43] glue_1.8.0          farver_2.1.2        numDeriv_2016.8-1.1
[46] purrr_1.1.0         tools_4.4.3         pkgconfig_2.0.3    
2026-09-22 12:58:22 - **** Job ends ****
