2026-09-07 23:19:30 - **** Job starts ****
Job id: 45484846

Currently Loaded Modules:
  1) anaconda3/2024.10-1

 

2026-09-07 23:19:34 - **** Confounder sensitivity analyses ****
donors: 89 | studies: 18 | datasets: 23 

     Healthy         COPD Fibrotic_ILD        Other 
          42            1           24           22 
WITHHELD injury_frac/base: 1 of 4 marginal means (group has 1 donor(s), floor is 3)
WITHHELD injury_frac/smoking: 1 of 4 marginal means (group has 1 donor(s), floor is 3)
WITHHELD injury_frac/comorbid: 2 of 2 marginal means (arm cannot estimate Healthy vs Fibrotic_ILD (Healthy=14;Other=1))
WITHHELD niche_index/base: 1 of 4 marginal means (group has 1 donor(s), floor is 3)
WITHHELD niche_index/smoking: 1 of 4 marginal means (group has 1 donor(s), floor is 3)
WITHHELD niche_index/comorbid: 2 of 2 marginal means (arm cannot estimate Healthy vs Fibrotic_ILD (Healthy=14;Other=1))
WITHHELD injury_stromal_score/base: 1 of 4 marginal means (group has 1 donor(s), floor is 3)
WITHHELD injury_stromal_score/smoking: 1 of 4 marginal means (group has 1 donor(s), floor is 3)
WITHHELD injury_stromal_score/comorbid: 2 of 2 marginal means (arm cannot estimate Healthy vs Fibrotic_ILD (Healthy=14;Other=1))
WITHHELD AGTR1_pos_frac/base: 1 of 4 marginal means (group has 1 donor(s), floor is 3)
WITHHELD AGTR1_pos_frac/smoking: 1 of 4 marginal means (group has 1 donor(s), floor is 3)
WITHHELD AGTR1_pos_frac/comorbid: 2 of 2 marginal means (arm cannot estimate Healthy vs Fibrotic_ILD (Healthy=14;Other=1))

== smoking main effect: pairwise contrasts (P2-10) ==
 contrast          estimate        SE    df t.ratio p.value
 never - former   0.0196584 0.0312168 15.16   0.630  0.5382
 never - active  -0.0234508 0.0215607 13.32  -1.088  0.2960
 former - active -0.0431092 0.0331797 16.95  -1.299  0.2112
 never - former   0.0724170 0.3241634 12.30   0.223  0.8269
 never - active   1.1108472 0.2563073 14.50   4.334  0.0006
 former - active  1.0384301 0.3823648 13.71   2.716  0.0170
 never - former   0.0489638 0.2476881 12.49   0.198  0.8465
 never - active  -0.2547056 0.1937752 15.42  -1.314  0.2079
 former - active -0.3036694 0.2901910 14.40  -1.046  0.3126
 never - former  -0.0554174 0.1283299 15.16  -0.432  0.6719
 never - active   0.1311838 0.0886344 13.32   1.480  0.1621
 former - active  0.1866012 0.1363991 16.95   1.368  0.1892
 response              n model                       n_smoking                 
 injury_frac          21 smoking + sex + (1 | study) never=11;former=2;active=8
 injury_frac          21 smoking + sex + (1 | study) never=11;former=2;active=8
 injury_frac          21 smoking + sex + (1 | study) never=11;former=2;active=8
 niche_index          21 smoking + sex + (1 | study) never=11;former=2;active=8
 niche_index          21 smoking + sex + (1 | study) never=11;former=2;active=8
 niche_index          21 smoking + sex + (1 | study) never=11;former=2;active=8
 injury_stromal_score 21 smoking + sex + (1 | study) never=11;former=2;active=8
 injury_stromal_score 21 smoking + sex + (1 | study) never=11;former=2;active=8
 injury_stromal_score 21 smoking + sex + (1 | study) never=11;former=2;active=8
 AGTR1_pos_frac       21 smoking + sex + (1 | study) never=11;former=2;active=8
 AGTR1_pos_frac       21 smoking + sex + (1 | study) never=11;former=2;active=8
 AGTR1_pos_frac       21 smoking + sex + (1 | study) never=11;former=2;active=8
      p_BH bh_family                                     
 0.7176577 smoking main effect: 3 contrasts x 4 responses
 0.4689134 smoking main effect: 3 contrasts x 4 responses
 0.4224930 smoking main effect: 3 contrasts x 4 responses
 0.8464724 smoking main effect: 3 contrasts x 4 responses
 0.0076289 smoking main effect: 3 contrasts x 4 responses
 0.1018822 smoking main effect: 3 contrasts x 4 responses
 0.8464724 smoking main effect: 3 contrasts x 4 responses
 0.4224930 smoking main effect: 3 contrasts x 4 responses
 0.4689134 smoking main effect: 3 contrasts x 4 responses
 0.8063284 smoking main effect: 3 contrasts x 4 responses
 0.4224930 smoking main effect: 3 contrasts x 4 responses
 0.4224930 smoking main effect: 3 contrasts x 4 responses

Results are averaged over the levels of: sex 
Degrees-of-freedom method: kenward-roger 

LOSO refits (P2-8): 72 study-level over 18 studies, 92 dataset-level over 23 datasets

Reproducibility information:
[1] "2026-09-07 23:19:45 EDT"
- Session info -------------------------------------------------------------------------------------------------------
 setting  value
 version  R version 4.4.3 (2025-02-28)
 os       Red Hat Enterprise Linux 8.10 (Ootpa)
 system   x86_64, linux-gnu
 ui       X11
 language (EN)
 collate  C
 ctype    C
 tz       America/New_York
 date     2026-09-07
 pandoc   3.6.4 @ /ocean/projects/bio250020p/shared/opt/env/R_env/bin/pandoc
 quarto   NA

- Packages -----------------------------------------------------------------------------------------------------------
 package      * version    date (UTC) lib source
 backports      1.5.0      2024-05-23 [1] CRAN (R 4.4.3)
 boot           1.3-32     2025-08-29 [1] CRAN (R 4.4.3)
 broom          1.0.10     2025-09-13 [1] CRAN (R 4.4.3)
 cli            3.6.5      2025-04-23 [1] CRAN (R 4.4.3)
 coda           0.19-4.1   2024-01-31 [1] CRAN (R 4.4.3)
 data.table     1.17.8     2025-07-10 [1] CRAN (R 4.4.3)
 dplyr        * 1.1.4      2023-11-17 [1] CRAN (R 4.4.1)
 emmeans      * 2.0.1      2025-12-16 [1] CRAN (R 4.4.3)
 estimability   1.5.1      2024-05-12 [1] CRAN (R 4.4.3)
 farver         2.1.2      2024-05-13 [1] CRAN (R 4.4.1)
 generics       0.1.4      2025-05-09 [1] CRAN (R 4.4.3)
 ggplot2        4.0.0      2025-09-11 [1] CRAN (R 4.4.3)
 glue           1.8.0      2024-09-30 [1] CRAN (R 4.4.1)
 gtable         0.3.6      2024-10-25 [1] CRAN (R 4.4.1)
 lattice        0.22-7     2025-04-02 [1] CRAN (R 4.4.3)
 lifecycle      1.0.4      2023-11-07 [1] CRAN (R 4.4.1)
 lme4         * 1.1-37     2025-03-26 [1] CRAN (R 4.4.3)
 lmerTest     * 3.2-0      2026-01-13 [1] CRAN (R 4.4.3)
 magrittr       2.0.4      2025-09-12 [1] CRAN (R 4.4.3)
 MASS           7.3-65     2025-02-28 [1] CRAN (R 4.4.3)
 Matrix       * 1.7-4      2025-08-28 [1] CRAN (R 4.4.3)
 minqa          1.2.8      2024-08-17 [1] CRAN (R 4.4.3)
 mvtnorm        1.3-3      2025-01-10 [1] CRAN (R 4.4.3)
 nlme           3.1-168    2025-03-31 [1] CRAN (R 4.4.3)
 nloptr         2.2.1      2025-03-17 [1] CRAN (R 4.4.3)
 numDeriv       2016.8-1.1 2019-06-06 [1] CRAN (R 4.4.1)
 pbkrtest       0.5.5      2025-07-18 [1] CRAN (R 4.4.3)
 pillar         1.11.1     2025-09-17 [1] CRAN (R 4.4.3)
 pkgconfig      2.0.3      2019-09-22 [1] CRAN (R 4.4.1)
 purrr          1.1.0      2025-07-10 [1] CRAN (R 4.4.3)
 R.methodsS3    1.8.2      2022-06-13 [1] CRAN (R 4.4.3)
 R.oo           1.27.1     2025-05-02 [1] CRAN (R 4.4.3)
 R.utils        2.13.0     2025-02-24 [1] CRAN (R 4.4.3)
 R6             2.6.1      2025-02-15 [1] CRAN (R 4.4.2)
 rbibutils      2.3        2024-10-04 [1] CRAN (R 4.4.3)
 RColorBrewer   1.1-3      2022-04-03 [1] CRAN (R 4.4.1)
 Rcpp           1.1.0      2025-07-02 [1] CRAN (R 4.4.3)
 Rdpack         2.6.4      2025-04-09 [1] CRAN (R 4.4.3)
 reformulas     0.4.2      2025-10-28 [1] CRAN (R 4.4.3)
 rlang          1.1.6      2025-04-11 [1] CRAN (R 4.4.3)
 S7             0.2.0      2024-11-07 [1] CRAN (R 4.4.3)
 scales         1.4.0      2025-04-24 [1] CRAN (R 4.4.3)
 sessioninfo    1.2.3      2025-02-05 [1] CRAN (R 4.4.3)
 tibble         3.3.0      2025-06-08 [1] CRAN (R 4.4.3)
 tidyr        * 1.3.1      2024-01-24 [1] CRAN (R 4.4.1)
 tidyselect     1.2.1      2024-03-11 [1] CRAN (R 4.4.1)
 vctrs          0.6.5      2023-12-01 [1] CRAN (R 4.4.1)
 withr          3.0.2      2024-10-28 [1] CRAN (R 4.4.1)
 xtable         1.8-4      2019-04-21 [1] CRAN (R 4.4.1)

 [1] /ocean/projects/bio250020p/shared/opt/env/R_env/lib/R/library
 * -- Packages attached to the search path.

----------------------------------------------------------------------------------------------------------------------
2026-09-07 23:19:46 - **** Job ends ****
