2026-07-28 13:49:12 - **** Job starts ****
Job id: 42767987
Hostname: r352

Currently Loaded Modules:
  1) anaconda3/2024.10-1

 

2026-07-28 13:49:12 - **** donor -> dataset map from stroma obs ****
4 donors span >1 dataset; assigning each its majority (most cells) dataset
Wrote mean_expr/donor_dataset_map.tsv: 323 donors, 42 datasets
lung_condition
Healthy                                      141
IPF                                           52
Healthy (tumor adjacent)                      32
COVID-19                                      24
COPD                                          18
Chronic rhinitis                              12
Lung adenocarcinoma                           11
Systemic sclerosis-associated ILD              8
End-stage lung fibrosis, unknown etiology      3
NSIP                                           3
HP                                             3
Squamous Cell Carcinoma                        3
CF                                             3
Lymphangioleiomyomatosis                       2
Sarcoidosis                                    2
Pneumonia non-COVID                            2
Large Cell Carcinoma                           1
Pleiomorphic Carcinoma                         1
ILD                                            1
Myositis-associated ILD                        1
Name: count, dtype: int64
-----
h5py                3.14.0
numpy               2.1.3
pandas              2.3.2
session_info        v1.0.1
-----
Python 3.10.18 | packaged by conda-forge | (main, Jun  4 2025, 14:45:41) [GCC 13.3.0]
Linux-4.18.0-553.22.1.el8_10.x86_64-x86_64-with-glibc2.28
-----
Session information updated at 2026-07-28 13:49
2026-07-28 13:49:49 - **** AGTR1 disease effects across stromal cell types ****

== donors per cell type x disease group ==
Key: <cell_type>
                   cell_type Healthy Fibrotic_ILD Other
                      <char>   <int>        <int> <int>
1:   Adventitial fibroblasts      50            6     5
2:      Alveolar fibroblasts      62            6     2
3:               Mesothelium       8            1     2
4:            Myofibroblasts      16            1     1
5: Peribronchial fibroblasts      38            6     9
6:                 Pericytes      32            6     3
7:    Subpleural fibroblasts       4            0     2
8:    Vascular smooth muscle      56            9     6

testable cell types (>=3 donors in both Healthy and Fibrotic-ILD): Adventitial fibroblasts, Alveolar fibroblasts, Peribronchial fibroblasts, Pericytes, Vascular smooth muscle

== AGTR1 (within-cell-type SD units): contrasts vs Healthy ==
                    cell_type response               contrast    estimate
                       <char>   <char>                 <char>       <num>
 1:      Alveolar fibroblasts  z_AGTR1 Fibrotic_ILD - Healthy -0.75719457
 2: Peribronchial fibroblasts  z_AGTR1 Fibrotic_ILD - Healthy -0.86065934
 3:   Adventitial fibroblasts  z_AGTR1 Fibrotic_ILD - Healthy  0.18264389
 4:    Vascular smooth muscle  z_AGTR1 Fibrotic_ILD - Healthy -0.10754696
 5:                 Pericytes  z_AGTR1 Fibrotic_ILD - Healthy -0.04169129
 6:   Adventitial fibroblasts  z_AGTR1        Other - Healthy -0.67412282
 7:    Vascular smooth muscle  z_AGTR1        Other - Healthy -0.51431795
 8:                 Pericytes  z_AGTR1        Other - Healthy -0.68027248
 9: Peribronchial fibroblasts  z_AGTR1        Other - Healthy -0.36275305
10:      Alveolar fibroblasts  z_AGTR1        Other - Healthy -0.28325890
           se      ci_lo     ci_hi       df     t.ratio   p.value      p_BH
        <num>      <num>     <num>    <num>       <num>     <num>     <num>
 1: 0.4614658 -1.6616675 0.1472784 36.17782 -1.64084658 0.1094962 0.3465285
 2: 0.5611584 -1.9605297 0.2392111 23.22170 -1.53371916 0.1386114 0.3465285
 3: 0.5124854 -0.8218276 1.1871154 28.91170  0.35638844 0.7241374 0.9350026
 4: 0.5205557 -1.1278362 0.9127423 49.85272 -0.20660028 0.8371635 0.9350026
 5: 0.5077496 -1.0368805 0.9534979 36.93698 -0.08210995 0.9350026 0.9350026
 6: 0.5366381 -1.7259334 0.3776878 18.04930 -1.25619644 0.2250617 0.6741125
 7: 0.6299013 -1.7489245 0.7202886 15.15701 -0.81650561 0.4268583 0.6741125
 8: 0.8890383 -2.4227876 1.0622427 10.65096 -0.76517789 0.4607845 0.6741125
 9: 0.5716152 -1.4831188 0.7576127 10.47903 -0.63461061 0.5392900 0.6741125
10: 0.7448275 -1.7431208 1.1766030 41.86132 -0.38030134 0.7056447 0.7056447
    n_donors n_healthy n_fibrotic n_other covars           model
       <int>     <int>      <int>   <int> <char>          <char>
 1:       70        62          6       2    sex LMM (1|dataset)
 2:       53        38          6       9    sex LMM (1|dataset)
 3:       61        50          6       5    sex LMM (1|dataset)
 4:       71        56          9       6    sex LMM (1|dataset)
 5:       41        32          6       3    sex LMM (1|dataset)
 6:       61        50          6       5    sex LMM (1|dataset)
 7:       71        56          9       6    sex LMM (1|dataset)
 8:       41        32          6       3    sex LMM (1|dataset)
 9:       53        38          6       9    sex LMM (1|dataset)
10:       70        62          6       2    sex LMM (1|dataset)

== omnibus disease effect on AGTR1 per cell type (2 df) ==
                   cell_type response n_donors   df1   df2     F p_omnibus
                      <char>   <char>    <int> <num> <num> <num>     <num>
1:      Alveolar fibroblasts  z_AGTR1       70     2 36.18 1.391 0.2618474
2: Peribronchial fibroblasts  z_AGTR1       53     2 10.48 1.269 0.3210306
3:   Adventitial fibroblasts  z_AGTR1       61     2 18.05 0.902 0.4232515
4:    Vascular smooth muscle  z_AGTR1       71     2 15.16 0.343 0.7151916
5:                 Pericytes  z_AGTR1       41     2 10.65 0.293 0.7516294
   partial_eta_sq p_omnibus_BH
            <num>        <num>
1:     0.07140291    0.7054191
2:     0.19496082    0.7054191
3:     0.09086330    0.7054191
4:     0.04329168    0.7516294
5:     0.05215379    0.7516294

== AGTR1 (raw log-normalised scale) ==
                    cell_type   response               contrast     estimate
                       <char>     <char>                 <char>        <num>
 1:      Alveolar fibroblasts AGTR1_mean Fibrotic_ILD - Healthy -0.108972456
 2: Peribronchial fibroblasts AGTR1_mean Fibrotic_ILD - Healthy -0.085496826
 3:   Adventitial fibroblasts AGTR1_mean Fibrotic_ILD - Healthy  0.025587268
 4:    Vascular smooth muscle AGTR1_mean Fibrotic_ILD - Healthy -0.008899341
 5:                 Pericytes AGTR1_mean Fibrotic_ILD - Healthy -0.017173342
 6:   Adventitial fibroblasts AGTR1_mean        Other - Healthy -0.094440398
 7:    Vascular smooth muscle AGTR1_mean        Other - Healthy -0.042558996
 8:                 Pericytes AGTR1_mean        Other - Healthy -0.280215622
 9: Peribronchial fibroblasts AGTR1_mean        Other - Healthy -0.036035436
10:      Alveolar fibroblasts AGTR1_mean        Other - Healthy -0.040765503
            se       ci_lo      ci_hi       df     t.ratio   p.value      p_BH
         <num>       <num>      <num>    <num>       <num>     <num>     <num>
 1: 0.06641234 -0.23914064 0.02119572 36.17782 -1.64084658 0.1094962 0.3465285
 2: 0.05574477 -0.19475658 0.02376293 23.22170 -1.53371916 0.1386114 0.3465285
 3: 0.07179601 -0.11513291 0.16630745 28.91170  0.35638844 0.7241374 0.9350026
 4: 0.04307516 -0.09332666 0.07552798 49.85272 -0.20660028 0.8371635 0.9350026
 5: 0.20915056 -0.42710845 0.39276176 36.93698 -0.08210995 0.9350026 0.9350026
 6: 0.07517964 -0.24179249 0.05291170 18.04930 -1.25619644 0.2250617 0.6741125
 7: 0.05212334 -0.14472073 0.05960274 15.15701 -0.81650561 0.4268583 0.6741125
 8: 0.36620977 -0.99798678 0.43755553 10.65096 -0.76517789 0.4607845 0.6741125
 9: 0.05678354 -0.14733117 0.07526030 10.47903 -0.63461061 0.5392900 0.6741125
10: 0.10719264 -0.25086307 0.16933207 41.86132 -0.38030134 0.7056447 0.7056447
    n_donors n_healthy n_fibrotic n_other covars           model
       <int>     <int>      <int>   <int> <char>          <char>
 1:       70        62          6       2    sex LMM (1|dataset)
 2:       53        38          6       9    sex LMM (1|dataset)
 3:       61        50          6       5    sex LMM (1|dataset)
 4:       71        56          9       6    sex LMM (1|dataset)
 5:       41        32          6       3    sex LMM (1|dataset)
 6:       61        50          6       5    sex LMM (1|dataset)
 7:       71        56          9       6    sex LMM (1|dataset)
 8:       41        32          6       3    sex LMM (1|dataset)
 9:       53        38          6       9    sex LMM (1|dataset)
10:       70        62          6       2    sex LMM (1|dataset)

== SENSITIVITY: AGTR1 detection rate (within-cell-type SD units) ==
                    cell_type     response               contrast    estimate
                       <char>       <char>                 <char>       <num>
 1: Peribronchial fibroblasts z_AGTR1_frac Fibrotic_ILD - Healthy -0.75953883
 2:      Alveolar fibroblasts z_AGTR1_frac Fibrotic_ILD - Healthy -0.47381240
 3:   Adventitial fibroblasts z_AGTR1_frac Fibrotic_ILD - Healthy  0.08138878
 4:                 Pericytes z_AGTR1_frac Fibrotic_ILD - Healthy  0.06883547
 5:    Vascular smooth muscle z_AGTR1_frac Fibrotic_ILD - Healthy -0.04525332
 6:   Adventitial fibroblasts z_AGTR1_frac        Other - Healthy -0.61978155
 7:    Vascular smooth muscle z_AGTR1_frac        Other - Healthy -0.53912323
 8:                 Pericytes z_AGTR1_frac        Other - Healthy -0.65151473
 9: Peribronchial fibroblasts z_AGTR1_frac        Other - Healthy -0.27375143
10:      Alveolar fibroblasts z_AGTR1_frac        Other - Healthy -0.09564965
           se      ci_lo     ci_hi       df     t.ratio   p.value      p_BH
        <num>      <num>     <num>    <num>       <num>     <num>     <num>
 1: 0.5843610 -1.9048863 0.3858086 30.70939 -1.29977684 0.2033498 0.8295731
 2: 0.4825341 -1.4195793 0.4719545 41.48246 -0.98192512 0.3318292 0.8295731
 3: 0.4987602 -0.8961811 1.0589587 24.80097  0.16318221 0.8716974 0.9315211
 4: 0.5481822 -1.0056016 1.1432725 35.29285  0.12557043 0.9007846 0.9315211
 5: 0.5243829 -1.0730438 0.9825372 59.09979 -0.08629824 0.9315211 0.9315211
 6: 0.5157918 -1.6307334 0.3911703 19.31695 -1.20161196 0.2440393 0.7950527
 7: 0.6961945 -1.9036644 0.8254179 15.00731 -0.77438596 0.4507312 0.7950527
 8: 0.8825516 -2.3813159 1.0782865 10.19519 -0.73821713 0.4770316 0.7950527
 9: 0.6460364 -1.5399828 0.9924799 11.25849 -0.42373994 0.6797381 0.8496726
10: 0.7858787 -1.6359719 1.4446726 31.91844 -0.12171045 0.9038914 0.9038914
    n_donors n_healthy n_fibrotic n_other covars           model
       <int>     <int>      <int>   <int> <char>          <char>
 1:       53        38          6       9    sex LMM (1|dataset)
 2:       70        62          6       2    sex LMM (1|dataset)
 3:       61        50          6       5    sex LMM (1|dataset)
 4:       41        32          6       3    sex LMM (1|dataset)
 5:       71        56          9       6    sex LMM (1|dataset)
 6:       61        50          6       5    sex LMM (1|dataset)
 7:       71        56          9       6    sex LMM (1|dataset)
 8:       41        32          6       3    sex LMM (1|dataset)
 9:       53        38          6       9    sex LMM (1|dataset)
10:       70        62          6       2    sex LMM (1|dataset)

== ranking by omnibus disease effect on AGTR1 (partial eta^2) ==
   rank_by_omnibus                 cell_type    lineage partial_eta_sq
             <int>                    <char>     <char>          <num>
1:               1 Peribronchial fibroblasts Fibroblast     0.19496082
2:               2   Adventitial fibroblasts Fibroblast     0.09086330
3:               3      Alveolar fibroblasts Fibroblast     0.07140291
4:               4                 Pericytes      Mural     0.05215379
5:               5    Vascular smooth muscle      Mural     0.04329168
   p_omnibus p_omnibus_BH    estimate      ci_lo     ci_hi
       <num>        <num>       <num>      <num>     <num>
1: 0.3210306    0.7054191 -0.86065934 -1.9605297 0.2392111
2: 0.4232515    0.7054191  0.18264389 -0.8218276 1.1871154
3: 0.2618474    0.7054191 -0.75719457 -1.6616675 0.1472784
4: 0.7516294    0.7516294 -0.04169129 -1.0368805 0.9534979
5: 0.7151916    0.7516294 -0.10754696 -1.1278362 0.9127423

Fibroblast vs mural mean partial eta^2:
      lineage mean_partial_eta_sq
       <char>               <num>
1: Fibroblast          0.11907568
2:      Mural          0.04772274

Reproducibility information:
[1] "2026-07-28 13:50:19 EDT"
- Session info -------------------------------------------------------------------------------------------------------
 setting  value
 version  R version 4.4.3 (2025-02-28)
 os       Red Hat Enterprise Linux 8.10 (Ootpa)
 system   x86_64, linux-gnu
 ui       X11
 language (EN)
 collate  C
 ctype    C
 tz       America/New_York
 date     2026-07-28
 pandoc   3.6.4 @ /ocean/projects/bio250020p/shared/opt/env/R_env/bin/pandoc
 quarto   NA

- Packages -----------------------------------------------------------------------------------------------------------
 package      * version    date (UTC) lib source
 backports      1.5.0      2024-05-23 [1] CRAN (R 4.4.3)
 boot           1.3-32     2025-08-29 [1] CRAN (R 4.4.3)
 broom          1.0.10     2025-09-13 [1] CRAN (R 4.4.3)
 cli            3.6.5      2025-04-23 [1] CRAN (R 4.4.3)
 coda           0.19-4.1   2024-01-31 [1] CRAN (R 4.4.3)
 data.table   * 1.17.8     2025-07-10 [1] CRAN (R 4.4.3)
 dplyr        * 1.1.4      2023-11-17 [1] CRAN (R 4.4.1)
 emmeans      * 2.0.1      2025-12-16 [1] CRAN (R 4.4.3)
 estimability   1.5.1      2024-05-12 [1] CRAN (R 4.4.3)
 farver         2.1.2      2024-05-13 [1] CRAN (R 4.4.1)
 generics       0.1.4      2025-05-09 [1] CRAN (R 4.4.3)
 getopt         1.20.4     2023-10-01 [1] CRAN (R 4.4.3)
 ggplot2        4.0.0      2025-09-11 [1] CRAN (R 4.4.3)
 glue           1.8.0      2024-09-30 [1] CRAN (R 4.4.1)
 gtable         0.3.6      2024-10-25 [1] CRAN (R 4.4.1)
 lattice        0.22-7     2025-04-02 [1] CRAN (R 4.4.3)
 lifecycle      1.0.4      2023-11-07 [1] CRAN (R 4.4.1)
 lme4         * 1.1-37     2025-03-26 [1] CRAN (R 4.4.3)
 lmerTest     * 3.2-0      2026-01-13 [1] CRAN (R 4.4.3)
 magrittr       2.0.4      2025-09-12 [1] CRAN (R 4.4.3)
 MASS           7.3-65     2025-02-28 [1] CRAN (R 4.4.3)
 Matrix       * 1.7-4      2025-08-28 [1] CRAN (R 4.4.3)
 minqa          1.2.8      2024-08-17 [1] CRAN (R 4.4.3)
 mvtnorm        1.3-3      2025-01-10 [1] CRAN (R 4.4.3)
 nlme           3.1-168    2025-03-31 [1] CRAN (R 4.4.3)
 nloptr         2.2.1      2025-03-17 [1] CRAN (R 4.4.3)
 numDeriv       2016.8-1.1 2019-06-06 [1] CRAN (R 4.4.1)
 optparse     * 1.7.5      2024-04-16 [1] CRAN (R 4.4.3)
 pbkrtest       0.5.5      2025-07-18 [1] CRAN (R 4.4.3)
 pillar         1.11.1     2025-09-17 [1] CRAN (R 4.4.3)
 pkgconfig      2.0.3      2019-09-22 [1] CRAN (R 4.4.1)
 purrr          1.1.0      2025-07-10 [1] CRAN (R 4.4.3)
 R6             2.6.1      2025-02-15 [1] CRAN (R 4.4.2)
 rbibutils      2.3        2024-10-04 [1] CRAN (R 4.4.3)
 RColorBrewer   1.1-3      2022-04-03 [1] CRAN (R 4.4.1)
 Rcpp           1.1.0      2025-07-02 [1] CRAN (R 4.4.3)
 Rdpack         2.6.4      2025-04-09 [1] CRAN (R 4.4.3)
 reformulas     0.4.2      2025-10-28 [1] CRAN (R 4.4.3)
 rlang          1.1.6      2025-04-11 [1] CRAN (R 4.4.3)
 S7             0.2.0      2024-11-07 [1] CRAN (R 4.4.3)
 scales         1.4.0      2025-04-24 [1] CRAN (R 4.4.3)
 sessioninfo    1.2.3      2025-02-05 [1] CRAN (R 4.4.3)
 tibble         3.3.0      2025-06-08 [1] CRAN (R 4.4.3)
 tidyr          1.3.1      2024-01-24 [1] CRAN (R 4.4.1)
 tidyselect     1.2.1      2024-03-11 [1] CRAN (R 4.4.1)
 vctrs          0.6.5      2023-12-01 [1] CRAN (R 4.4.1)
 xtable         1.8-4      2019-04-21 [1] CRAN (R 4.4.1)

 [1] /ocean/projects/bio250020p/shared/opt/env/R_env/lib/R/library
 * -- Packages attached to the search path.

----------------------------------------------------------------------------------------------------------------------
2026-07-28 13:50:23 - **** Job ends ****
