2026-09-08 09:12:38 - **** Job starts ****
Job id: 45532592
Hostname: r183

Currently Loaded Modules:
  1) anaconda3/2024.10-1

 

injury score columns:
               inflammatory         activated_migratory 
       "inflammatory_score" "activated_migratory_score" 
            fibroblast_like 
    "fibroblast_like_score" 
non-injury (tested, not composited) score columns:
         vascular_stabilizing         synthetic_contractile 
 "vascular_stabilizing_score" "synthetic_contractile_score" 
            basement_membrane 
    "basement_membrane_score" 
all six panel scores tested; only the 3 injury scores are composited

All donors with pericytes: 194

     Healthy         COPD Fibrotic_ILD        Other 
          91           12           57           34 

Excluding 11 carcinoma donors (by `disease`):

     Healthy         COPD Fibrotic_ILD        Other 
           0            0            0           11 

     Healthy         COPD Fibrotic_ILD        Other 
          91           12           57           23 

After min-cells >= 10: 84 donors (99 retained below it for the sweep)

     Healthy         COPD Fibrotic_ILD        Other 
          42            1           24           17 
Warning message:
In `[.data.table`(prim, , `:=`(injury_program_score, rowMeans(as.matrix(prim[,  :
  A shallow copy of this data.table was taken so that := can add or remove 1 columns by reference. At an earlier point, this data.table was copied by R (or was created manually using structure() or similar). Avoid names<- and attr<- which in R currently (and oddly) may copy the whole data.table. Use set* syntax instead to avoid copying: ?set, ?setnames and ?setattr. It's also not unusual for data.table-agnostic packages to produce tables affected by this issue. If this message doesn't help, please report your use case to the data.table issue tracker so the root cause can be fixed or this message improved.

== PRIMARY: injury_program_score, Healthy vs Fibrotic/ILD (sex + study-adjusted LMM) ==
               response     n n_healthy n_fibrotic beta_fib_minus_healthy
                 <char> <int>     <int>      <int>                  <num>
1: injury_program_score    66        42         24              0.7278548
          se       df        t           p contrast_estimate  contrast_p covars
       <num>    <num>    <num>       <num>             <num>       <num> <char>
1: 0.2378431 61.13803 3.060231 0.003282522        -0.7278548 0.004167837    sex
             model
            <char>
1: LMM (1|dataset)

== SENSITIVITY: same endpoint, +age (age-complete subset) ==
               response     n n_healthy n_fibrotic beta_fib_minus_healthy
                 <char> <int>     <int>      <int>                  <num>
1: injury_program_score    44        38          6              0.2230197
          se       df         t         p contrast_estimate contrast_p  covars
       <num>    <num>     <num>     <num>             <num>      <num>  <char>
1: 0.3721691 35.78195 0.5992429 0.5527865        -0.2230197  0.5692634 age+sex
             model
            <char>
1: LMM (1|dataset)

== SENSITIVITY: primary contrast excluding 12 tumour-adjacent controls ==
               response     n n_healthy n_fibrotic beta_fib_minus_healthy
                 <char> <int>     <int>      <int>                  <num>
1: injury_program_score    54        30         24              0.9422083
          se       df        t           p contrast_estimate  contrast_p covars
       <num>    <num>    <num>       <num>             <num>       <num> <char>
1: 0.2952045 49.76207 3.191714 0.002451247        -0.9422083 0.003628412    sex
             model                          arm n_dropped
            <char>                       <char>     <int>
1: LMM (1|dataset) excl_tumor_adjacent_controls        12
                                                      scale_note
                                                          <char>
1: z from the FULL primary set; comparable to primary_effect.tsv

== component effects (each program separately) ==
                  response     n n_healthy n_fibrotic beta_fib_minus_healthy
                    <char> <int>     <int>      <int>                  <num>
1:          z_inflammatory    66        42         24             0.45680150
2:   z_activated_migratory    66        42         24             0.73666952
3:       z_fibroblast_like    66        42         24             1.00378450
4:  z_vascular_stabilizing    66        42         24             0.07624466
5: z_synthetic_contractile    66        42         24            -0.21584445
6:     z_basement_membrane    66        42         24            -0.06072986
          se       df          t           p contrast_estimate  contrast_p
       <num>    <num>      <num>       <num>             <num>       <num>
1: 0.2860027 60.73793  1.5971927 0.115412907       -0.45680150 0.124896847
2: 0.3215686 61.99910  2.2908630 0.025383395       -0.73666952 0.030184881
3: 0.3288070 41.14690  3.0528078 0.003962522       -1.00378450 0.005471802
4: 0.2348867 52.40177  0.3246019 0.746774693       -0.07624466 0.750046222
5: 0.2687856 56.97025 -0.8030356 0.425291806        0.21584445 0.434247612
6: 0.3403477 61.00439 -0.1784348 0.858972798        0.06072986 0.862762210
   covars           model
   <char>          <char>
1:    sex LMM (1|dataset)
2:    sex LMM (1|dataset)
3:    sex LMM (1|dataset)
4:    sex LMM (1|dataset)
5:    sex LMM (1|dataset)
6:    sex LMM (1|dataset)

Forest: 3 studies sampled BOTH groups (>= 2 each)
                 dataset    nH    nF
                  <fctr> <int> <int>
1:         Sheppard_2020     3     5
2: Banovich_Kropski_2020     8     7
3:         Schiller_2020     3     2

== forest eligibility, per dataset (P2-25) ==
                      dataset nH_pre nF_pre nH_post nF_post in_forest
                       <fctr>  <int>  <int>   <int>   <int>    <lgcl>
 1:     Banovich_Kropski_2020     21     18       8       7      TRUE
 2:             Sheppard_2020      3      5       3       5      TRUE
 3:             Schiller_2020      7      3       3       2      TRUE
 4:             Kaminski_2020      8     23       0       6     FALSE
 5:             Lafyatis_2019      0      4       0       4     FALSE
 6:      Duong_lungMAP_unpubl      1      0       1       0     FALSE
 7:                 Eils_2020      7      0       3       0     FALSE
 8:         Gomperts_2021_CFF      1      0       0       0     FALSE
 9:              Krasnow_2020      3      0       3       0     FALSE
10: Lafyatis_Rojas_2019_10Xv1      1      0       0       0     FALSE
11: Lafyatis_Rojas_2019_10Xv2      3      0       0       0     FALSE
12:                Meyer_2019      2      0       1       0     FALSE
13:         Meyer_2021_3prime      2      0       1       0     FALSE
14:         Meyer_2021_5prime      4      0       4       0     FALSE
15:             Misharin_2021      2      0       2       0     FALSE
16:    Misharin_Budinger_2018      1      2       0       0     FALSE
17:               Nawijn_2021      3      0       0       0     FALSE
18:        Peer_Massague_2020      2      0       1       0     FALSE
19:             Schiller_2021      6      0       2       0     FALSE
20:           Sun_2020_batch1      1      0       1       0     FALSE
21:           Sun_2020_batch2      2      0       2       0     FALSE
22:           Sun_2020_batch3      3      0       3       0     FALSE
23:           Sun_2020_batch4      3      0       3       0     FALSE
24:               Tata_unpubl      3      0       1       0     FALSE
25:      Teichmann_Meyer_2019      2      0       0       0     FALSE
26:            Xu_2020_LAM1_3      0      2       0       0     FALSE
                      dataset nH_pre nF_pre nH_post nF_post in_forest
                                                    reason
                                                    <char>
 1:                                      enters the forest
 2:                                      enters the forest
 3:                                      enters the forest
 4:  Healthy arm lost to the >=10-pericyte filter (8 -> 0)
 5:                   below 2 donors in an arm (0 H / 4 F)
 6:  never sampled both arms (1 H / 0 F before the filter)
 7:                   below 2 donors in an arm (3 H / 0 F)
 8:  never sampled both arms (1 H / 0 F before the filter)
 9:                   below 2 donors in an arm (3 H / 0 F)
10:  never sampled both arms (1 H / 0 F before the filter)
11:  Healthy arm lost to the >=10-pericyte filter (3 -> 0)
12:  Healthy arm lost to the >=10-pericyte filter (2 -> 1)
13:  Healthy arm lost to the >=10-pericyte filter (2 -> 1)
14:                   below 2 donors in an arm (4 H / 0 F)
15:                   below 2 donors in an arm (2 H / 0 F)
16: Fibrotic arm lost to the >=10-pericyte filter (2 -> 0)
17:  Healthy arm lost to the >=10-pericyte filter (3 -> 0)
18:  Healthy arm lost to the >=10-pericyte filter (2 -> 1)
19:                   below 2 donors in an arm (2 H / 0 F)
20:  never sampled both arms (1 H / 0 F before the filter)
21:                   below 2 donors in an arm (2 H / 0 F)
22:                   below 2 donors in an arm (3 H / 0 F)
23:                   below 2 donors in an arm (3 H / 0 F)
24:  Healthy arm lost to the >=10-pericyte filter (3 -> 1)
25:  Healthy arm lost to the >=10-pericyte filter (2 -> 0)
26: Fibrotic arm lost to the >=10-pericyte filter (2 -> 0)
                                                    reason
Forest covers 28 of 66 primary donors (42%) across 3 of 19 datasets.

== random-effects pooled Fibrotic - Healthy (SD units) ==
    estimate        se     ci_lo    ci_hi       tau2        Q    df    p_Q
       <num>     <num>     <num>    <num>      <num>    <num> <num>  <num>
1: 0.9018583 0.2209693 0.4687584 1.334958 0.04235666 2.665128     2 0.2638
         I2     p_pooled
      <num>        <num>
1: 24.95671 4.477045e-05
Warning messages:
1: In `[.data.table`(dd, , `:=`(injury_program_score, rowMeans(as.matrix(dd[,  :
  A shallow copy of this data.table was taken so that := can add or remove 1 columns by reference. At an earlier point, this data.table was copied by R (or was created manually using structure() or similar). Avoid names<- and attr<- which in R currently (and oddly) may copy the whole data.table. Use set* syntax instead to avoid copying: ?set, ?setnames and ?setattr. It's also not unusual for data.table-agnostic packages to produce tables affected by this issue. If this message doesn't help, please report your use case to the data.table issue tracker so the root cause can be fixed or this message improved.
2: In `[.data.table`(dd, , `:=`(injury_program_score, rowMeans(as.matrix(dd[,  :
  A shallow copy of this data.table was taken so that := can add or remove 1 columns by reference. At an earlier point, this data.table was copied by R (or was created manually using structure() or similar). Avoid names<- and attr<- which in R currently (and oddly) may copy the whole data.table. Use set* syntax instead to avoid copying: ?set, ?setnames and ?setattr. It's also not unusual for data.table-agnostic packages to produce tables affected by this issue. If this message doesn't help, please report your use case to the data.table issue tracker so the root cause can be fixed or this message improved.
3: In `[.data.table`(dd, , `:=`(injury_program_score, rowMeans(as.matrix(dd[,  :
  A shallow copy of this data.table was taken so that := can add or remove 1 columns by reference. At an earlier point, this data.table was copied by R (or was created manually using structure() or similar). Avoid names<- and attr<- which in R currently (and oddly) may copy the whole data.table. Use set* syntax instead to avoid copying: ?set, ?setnames and ?setattr. It's also not unusual for data.table-agnostic packages to produce tables affected by this issue. If this message doesn't help, please report your use case to the data.table issue tracker so the root cause can be fixed or this message improved.
4: In `[.data.table`(dd, , `:=`(injury_program_score, rowMeans(as.matrix(dd[,  :
  A shallow copy of this data.table was taken so that := can add or remove 1 columns by reference. At an earlier point, this data.table was copied by R (or was created manually using structure() or similar). Avoid names<- and attr<- which in R currently (and oddly) may copy the whole data.table. Use set* syntax instead to avoid copying: ?set, ?setnames and ?setattr. It's also not unusual for data.table-agnostic packages to produce tables affected by this issue. If this message doesn't help, please report your use case to the data.table issue tracker so the root cause can be fixed or this message improved.

== per-study effects at each forest floor (P2-25) ==
    min_cells               dataset    nH    nF med_cells_H med_cells_F
        <int>                <char> <int> <int>       <num>       <num>
 1:        10 Banovich_Kropski_2020     8     7          49          19
 2:        10         Schiller_2020     3     2          25          56
 3:        10         Sheppard_2020     3     5         381         196
 4:         5 Banovich_Kropski_2020     9     7          43          19
 5:         5         Schiller_2020     4     3          23          14
 6:         5         Sheppard_2020     3     5         381         196
 7:         3 Banovich_Kropski_2020    13     9          17          15
 8:         3         Kaminski_2020     3    14           3           8
 9:         3         Schiller_2020     4     3          23          14
10:         3         Sheppard_2020     3     5         381         196
11:         2 Banovich_Kropski_2020    15    13          15          10
12:         2         Kaminski_2020     4    15           3           7
13:         2         Schiller_2020     4     3          23          14
14:         2         Sheppard_2020     3     5         381         196
             yi       sei
          <num>     <num>
 1:  1.02774038 0.1960886
 2:  0.04145928 0.5794017
 3:  1.03335817 0.3752194
 4:  0.88527675 0.1963651
 5: -0.17193943 0.5283041
 6:  0.96749231 0.3515599
 7:  0.80001674 0.1717799
 8: -0.12533034 0.2836017
 9: -0.17976979 0.5246121
10:  0.96940625 0.3512175
11:  0.81355738 0.1658137
12:  0.08416723 0.2787276
13: -0.18485054 0.5127935
14:  0.91050924 0.3305154

== forest rebuilt at lower pericyte floors (P2-25) ==
   min_cells n_studies n_donors_forest  estimate       ci_lo    ci_hi       I2
       <int>     <int>           <int>     <num>       <num>    <num>    <num>
1:        10         3              28 0.9018583  0.46875838 1.334958 24.95671
2:         5         3              31 0.7152223  0.19452020 1.235924 47.36860
3:         3         4              54 0.4252241 -0.14997935 1.000428 73.06540
4:         2         4              62 0.4933985  0.01416599 0.972631 63.82623
       p_pooled new_vs_primary
          <num>         <char>
1: 4.477045e-05               
2: 7.098174e-03               
3: 1.473524e-01  Kaminski_2020
4: 4.359781e-02  Kaminski_2020
Warning message:
`geom_errobarh()` was deprecated in ggplot2 4.0.0.
i Please use the `orientation` argument of `geom_errorbar()` instead. 
`height` was translated to `width`.
`height` was translated to `width`.
Warning message:
In `[.data.table`(tri, , `:=`(injury_program_score, rowMeans(as.matrix(tri[,  :
  A shallow copy of this data.table was taken so that := can add or remove 1 columns by reference. At an earlier point, this data.table was copied by R (or was created manually using structure() or similar). Avoid names<- and attr<- which in R currently (and oddly) may copy the whole data.table. Use set* syntax instead to avoid copying: ?set, ?setnames and ?setattr. It's also not unusual for data.table-agnostic packages to produce tables affected by this issue. If this message doesn't help, please report your use case to the data.table issue tracker so the root cause can be fixed or this message improved.

== THREE-GROUP set (COPD excluded) ==

     Healthy Fibrotic_ILD        Other 
          42           24           17 

== THREE-GROUP composite: contrasts vs Healthy (sex + study-adjusted LMM) ==
                 contrast  estimate        se       df   t.ratio      p.value
                   <char>     <num>     <num>    <num>     <num>        <num>
1: Fibrotic_ILD - Healthy 0.7510363 0.2168944 76.96240 3.4626814 0.0008764997
2:        Other - Healthy 0.2514605 0.4850529 20.61944 0.5184187 0.6096850098
               response     n      ci_lo    ci_hi covars           model
                 <char> <int>      <num>    <num> <char>          <char>
1: injury_program_score    83  0.3259232 1.176149    sex LMM (1|dataset)
2: injury_program_score    83 -0.6992431 1.202164    sex LMM (1|dataset)

-- adjusted marginal means --
   disease_group       emmean        SE       df   lower.CL  upper.CL
          <fctr>        <num>     <num>    <num>      <num>     <num>
1:       Healthy -0.259451679 0.1893837 24.72429 -0.6497154 0.1308121
2:  Fibrotic_ILD  0.491584641 0.2280614 39.94528  0.0306357 0.9525336
3:         Other -0.007991186 0.4318877 18.26981 -0.9143941 0.8984117
               response
                 <char>
1: injury_program_score
2: injury_program_score
3: injury_program_score

== THREE-GROUP component effects (each program separately) ==
                  contrast    estimate        se       df    t.ratio
                    <char>       <num>     <num>    <num>      <num>
 1: Fibrotic_ILD - Healthy  0.48567073 0.2516605 77.58597  1.9298645
 2:        Other - Healthy -0.50243984 0.5366441 20.50868 -0.9362627
 3: Fibrotic_ILD - Healthy  0.83253897 0.3111942 77.68576  2.6753037
 4:        Other - Healthy  0.45094830 0.5836645 20.00451  0.7726156
 5: Fibrotic_ILD - Healthy  1.10112426 0.3202614 75.90935  3.4382048
 6:        Other - Healthy  0.89804453 0.5551214 19.50005  1.6177444
 7: Fibrotic_ILD - Healthy  0.12577518 0.2131839 70.89537  0.5899844
 8:        Other - Healthy -0.35394511 0.6419081 20.77732 -0.5513953
 9: Fibrotic_ILD - Healthy -0.14778744 0.2502383 75.40448 -0.5905869
10:        Other - Healthy -0.39151480 0.6101026 20.74304 -0.6417196
11: Fibrotic_ILD - Healthy -0.05133341 0.3344160 76.87872 -0.1535017
12:        Other - Healthy  0.50716971 0.5992716 19.73436  0.8463103
         p.value                response     n        ci_lo     ci_hi covars
           <num>                  <char> <int>        <num>     <num> <char>
 1: 0.0572789167          z_inflammatory    83 -0.007583928 0.9789254    sex
 2: 0.3600329290          z_inflammatory    83 -1.554262251 0.5493826    sex
 3: 0.0091010127   z_activated_migratory    83  0.222598348 1.4424796    sex
 4: 0.4487827412   z_activated_migratory    83 -0.693034079 1.5949307    sex
 5: 0.0009537961       z_fibroblast_like    83  0.473411935 1.7288366    sex
 6: 0.1217797894       z_fibroblast_like    83 -0.189993419 1.9860825    sex
 7: 0.5570769092  z_vascular_stabilizing    83 -0.292065277 0.5436156    sex
 8: 0.5872443203  z_vascular_stabilizing    83 -1.612085015 0.9041948    sex
 9: 0.5565632385 z_synthetic_contractile    83 -0.638254439 0.3426796    sex
10: 0.5280835887 z_synthetic_contractile    83 -1.587315919 0.8042863    sex
11: 0.8784048753     z_basement_membrane    83 -0.706788725 0.6041219    sex
12: 0.4075254076     z_basement_membrane    83 -0.667402569 1.6817420    sex
              model
             <char>
 1: LMM (1|dataset)
 2: LMM (1|dataset)
 3: LMM (1|dataset)
 4: LMM (1|dataset)
 5: LMM (1|dataset)
 6: LMM (1|dataset)
 7: LMM (1|dataset)
 8: LMM (1|dataset)
 9: LMM (1|dataset)
10: LMM (1|dataset)
11: LMM (1|dataset)
12: LMM (1|dataset)

== LOSO (three-group, Fibrotic - Healthy): 17 STUDY-level refits, 16 with P < 0.05 ==
   (dataset-level arm: 22 refits, 21 with P < 0.05 -> leave_one_dataset_out_3group.tsv)
   estimate range 0.562 to 1.040 (full-data 0.751)
            dropped_study n_dropped               contrast  estimate        se
                   <char>     <int>                 <char>     <num>     <num>
 1:         Sheppard_2020         8 Fibrotic_ILD - Healthy 0.5624613 0.3060759
 2:         Budinger_2020         3 Fibrotic_ILD - Healthy 0.6643478 0.2166969
 3:            Regev_2021        14 Fibrotic_ILD - Healthy 0.6700150 0.2285416
 4: Banovich_Kropski_2020        15 Fibrotic_ILD - Healthy 0.6773869 0.2343690
 5:         Lafyatis_2019         4 Fibrotic_ILD - Healthy 0.7222225 0.2210505
 6:    Peer_Massague_2020         1 Fibrotic_ILD - Healthy 0.7284911 0.2243741
 7:            Meyer_2021         5 Fibrotic_ILD - Healthy 0.7421092 0.2164181
 8:              Sun_2020         9 Fibrotic_ILD - Healthy 0.7463084 0.2090001
 9:         Misharin_2021         2 Fibrotic_ILD - Healthy 0.7467664 0.2161895
10:         Schiller_2021         2 Fibrotic_ILD - Healthy 0.7476128 0.2193458
11:             Eils_2020         3 Fibrotic_ILD - Healthy 0.7489840 0.2210265
12:           Tata_unpubl         1 Fibrotic_ILD - Healthy 0.7516519 0.2170115
13:          Krasnow_2020         3 Fibrotic_ILD - Healthy 0.7554461 0.2203851
14:            Meyer_2019         1 Fibrotic_ILD - Healthy 0.7574258 0.2157894
15:  Duong_lungMAP_unpubl         1 Fibrotic_ILD - Healthy 0.7608270 0.2142908
16:         Kaminski_2020         6 Fibrotic_ILD - Healthy 0.7648141 0.2230776
17:         Schiller_2020         5 Fibrotic_ILD - Healthy 1.0404132 0.2529188
          ci_lo    ci_hi       df  t.ratio      p.value             response
          <num>    <num>    <num>    <num>        <num>               <char>
 1: -0.03744751 1.162370 66.97437 1.837653 0.0705495856 injury_program_score
 2:  0.23962193 1.089074 74.07880 3.065793 0.0030289267 injury_program_score
 3:  0.22207355 1.117956 63.32867 2.931699 0.0046859147 injury_program_score
 4:  0.21802356 1.136750 58.98715 2.890257 0.0053790274 injury_program_score
 5:  0.28896357 1.155482 67.24676 3.267229 0.0017120154 injury_program_score
 6:  0.28871782 1.168264 74.19017 3.246770 0.0017534089 injury_program_score
 7:  0.31792976 1.166289 71.86037 3.429053 0.0010065934 injury_program_score
 8:  0.33666819 1.155949 68.84997 3.570852 0.0006542436 injury_program_score
 9:  0.32303495 1.170498 74.92748 3.454221 0.0009115763 injury_program_score
10:  0.31769501 1.177531 74.97844 3.408375 0.0010544166 injury_program_score
11:  0.31577194 1.182196 74.00523 3.388661 0.0011285909 injury_program_score
12:  0.32630934 1.176994 76.21993 3.463650 0.0008776169 injury_program_score
13:  0.32349127 1.187401 74.25494 3.427845 0.0009955161 injury_program_score
14:  0.33447863 1.180373 76.44816 3.510024 0.0007548006 injury_program_score
15:  0.34081703 1.180837 76.75863 3.550442 0.0006606813 injury_program_score
16:  0.32758200 1.202046 71.07559 3.428467 0.0010135975 injury_program_score
17:  0.54469239 1.536134 72.99813 4.113626 0.0001010443 injury_program_score
        n covars           model dropped_level n_studies_left n_left
    <int> <char>          <char>        <char>          <int>  <int>
 1:    75    sex LMM (1|dataset)         study             21     75
 2:    80    sex LMM (1|dataset)         study             21     80
 3:    69    sex LMM (1|dataset)         study             20     69
 4:    68    sex LMM (1|dataset)         study             21     68
 5:    79    sex LMM (1|dataset)         study             21     79
 6:    82    sex LMM (1|dataset)         study             21     82
 7:    78    sex LMM (1|dataset)         study             20     78
 8:    74    sex LMM (1|dataset)         study             18     74
 9:    81    sex LMM (1|dataset)         study             21     81
10:    81    sex LMM (1|dataset)         study             21     81
11:    80    sex LMM (1|dataset)         study             21     80
12:    82    sex LMM (1|dataset)         study             21     82
13:    80    sex LMM (1|dataset)         study             21     80
14:    82    sex LMM (1|dataset)         study             21     82
15:    82    sex LMM (1|dataset)         study             21     82
16:    77    sex LMM (1|dataset)         study             21     77
17:    78    sex LMM (1|dataset)         study             21     78

== smoking availability by disease group ==
   disease_group     n n_known n_never n_ever
          <fctr> <int>   <int>   <int>  <int>
1:  Fibrotic_ILD    24       0       0      0
2:       Healthy    42      21      11     10

smoking-adjusted disease contrast NOT estimable given availability above.

== within-Healthy smoking effect on the endpoint ==
                        analysis     n beta_ever_minus_never        se
                          <char> <int>                 <num>     <num>
1: within-Healthy smoking effect    21            -0.1236779 0.1721696
           p
       <num>
1: 0.4837318
Warning message:
In `[.data.table`(prim, , `:=`(smoke, norm_smoke(smoking_status))) :
  A shallow copy of this data.table was taken so that := can add or remove 1 columns by reference. At an earlier point, this data.table was copied by R (or was created manually using structure() or similar). Avoid names<- and attr<- which in R currently (and oddly) may copy the whole data.table. Use set* syntax instead to avoid copying: ?set, ?setnames and ?setattr. It's also not unusual for data.table-agnostic packages to produce tables affected by this issue. If this message doesn't help, please report your use case to the data.table issue tracker so the root cause can be fixed or this message improved.

== donors available at each sweep rung (Healthy + Fibrotic/ILD) ==
   min_cells n_donors n_healthy n_fibrotic
       <num>    <int>     <int>      <int>
1:         5       79        49         30
2:        10       66        42         24
3:        15       55        36         19
4:        20       49        32         17
5:        30       43        28         15
Warning messages:
1: In `[.data.table`(d, , `:=`(injury_program_score, rowMeans(as.matrix(d[,  :
  A shallow copy of this data.table was taken so that := can add or remove 1 columns by reference. At an earlier point, this data.table was copied by R (or was created manually using structure() or similar). Avoid names<- and attr<- which in R currently (and oddly) may copy the whole data.table. Use set* syntax instead to avoid copying: ?set, ?setnames and ?setattr. It's also not unusual for data.table-agnostic packages to produce tables affected by this issue. If this message doesn't help, please report your use case to the data.table issue tracker so the root cause can be fixed or this message improved.
2: In `[.data.table`(d, , `:=`(injury_program_score, rowMeans(as.matrix(d[,  :
  A shallow copy of this data.table was taken so that := can add or remove 1 columns by reference. At an earlier point, this data.table was copied by R (or was created manually using structure() or similar). Avoid names<- and attr<- which in R currently (and oddly) may copy the whole data.table. Use set* syntax instead to avoid copying: ?set, ?setnames and ?setattr. It's also not unusual for data.table-agnostic packages to produce tables affected by this issue. If this message doesn't help, please report your use case to the data.table issue tracker so the root cause can be fixed or this message improved.
3: In `[.data.table`(d, , `:=`(injury_program_score, rowMeans(as.matrix(d[,  :
  A shallow copy of this data.table was taken so that := can add or remove 1 columns by reference. At an earlier point, this data.table was copied by R (or was created manually using structure() or similar). Avoid names<- and attr<- which in R currently (and oddly) may copy the whole data.table. Use set* syntax instead to avoid copying: ?set, ?setnames and ?setattr. It's also not unusual for data.table-agnostic packages to produce tables affected by this issue. If this message doesn't help, please report your use case to the data.table issue tracker so the root cause can be fixed or this message improved.
4: In `[.data.table`(d, , `:=`(injury_program_score, rowMeans(as.matrix(d[,  :
  A shallow copy of this data.table was taken so that := can add or remove 1 columns by reference. At an earlier point, this data.table was copied by R (or was created manually using structure() or similar). Avoid names<- and attr<- which in R currently (and oddly) may copy the whole data.table. Use set* syntax instead to avoid copying: ?set, ?setnames and ?setattr. It's also not unusual for data.table-agnostic packages to produce tables affected by this issue. If this message doesn't help, please report your use case to the data.table issue tracker so the root cause can be fixed or this message improved.
5: In `[.data.table`(d, , `:=`(injury_program_score, rowMeans(as.matrix(d[,  :
  A shallow copy of this data.table was taken so that := can add or remove 1 columns by reference. At an earlier point, this data.table was copied by R (or was created manually using structure() or similar). Avoid names<- and attr<- which in R currently (and oddly) may copy the whole data.table. Use set* syntax instead to avoid copying: ?set, ?setnames and ?setattr. It's also not unusual for data.table-agnostic packages to produce tables affected by this issue. If this message doesn't help, please report your use case to the data.table issue tracker so the root cause can be fixed or this message improved.

[min-cells sweep] 13 donors sit in the 5-9 band and are ADMITTED by the low rung (n 66 -> 79).

== min-cells threshold sweep (primary endpoint) ==
Index: <min_cells>
       response     n n_healthy n_fibrotic beta_fib_minus_healthy        se
         <char> <int>     <int>      <int>                  <num>     <num>
1:  min_cells_5    79        49         30              0.5255603 0.2424607
2: min_cells_10    66        42         24              0.7278548 0.2378431
3: min_cells_15    55        36         19              0.8615856 0.2535775
4: min_cells_20    49        32         17              0.8449930 0.2598310
5: min_cells_30    43        28         15              0.9289587 0.2576661
         df        t           p contrast_estimate  contrast_p covars
      <num>    <num>       <num>             <num>       <num> <char>
1: 74.91238 2.167610 0.033365744        -0.5255603 0.037823528    sex
2: 61.13803 3.060231 0.003282522        -0.7278548 0.004167837    sex
3: 43.21930 3.397721 0.001469481        -0.8615856 0.001806001    sex
4: 38.52945 3.252087 0.002384416        -0.8449930 0.003020529    sex
5: 32.83940 3.605281 0.001020382        -0.9289587 0.001386361    sex
             model min_cells
            <char>     <num>
1: LMM (1|dataset)         5
2: LMM (1|dataset)        10
3: LMM (1|dataset)        15
4: LMM (1|dataset)        20
5: LMM (1|dataset)        30

Reproducibility information:
[1] "2026-09-08 09:13:38 EDT"
- Session info -------------------------------------------------------------------------------------------------------
 setting  value
 version  R version 4.4.3 (2025-02-28)
 os       Red Hat Enterprise Linux 8.10 (Ootpa)
 system   x86_64, linux-gnu
 ui       X11
 language (EN)
 collate  C
 ctype    C
 tz       America/New_York
 date     2026-09-08
 pandoc   3.6.4 @ /ocean/projects/bio250020p/shared/opt/env/R_env/bin/pandoc
 quarto   NA

- Packages -----------------------------------------------------------------------------------------------------------
 package      * version    date (UTC) lib source
 backports      1.5.0      2024-05-23 [1] CRAN (R 4.4.3)
 boot           1.3-32     2025-08-29 [1] CRAN (R 4.4.3)
 broom          1.0.10     2025-09-13 [1] CRAN (R 4.4.3)
 cli            3.6.5      2025-04-23 [1] CRAN (R 4.4.3)
 coda           0.19-4.1   2024-01-31 [1] CRAN (R 4.4.3)
 data.table   * 1.17.8     2025-07-10 [1] CRAN (R 4.4.3)
 dplyr        * 1.1.4      2023-11-17 [1] CRAN (R 4.4.1)
 emmeans      * 2.0.1      2025-12-16 [1] CRAN (R 4.4.3)
 estimability   1.5.1      2024-05-12 [1] CRAN (R 4.4.3)
 farver         2.1.2      2024-05-13 [1] CRAN (R 4.4.1)
 generics       0.1.4      2025-05-09 [1] CRAN (R 4.4.3)
 ggplot2      * 4.0.0      2025-09-11 [1] CRAN (R 4.4.3)
 glue           1.8.0      2024-09-30 [1] CRAN (R 4.4.1)
 gtable         0.3.6      2024-10-25 [1] CRAN (R 4.4.1)
 labeling       0.4.3      2023-08-29 [1] CRAN (R 4.4.1)
 lattice        0.22-7     2025-04-02 [1] CRAN (R 4.4.3)
 lifecycle      1.0.4      2023-11-07 [1] CRAN (R 4.4.1)
 lme4         * 1.1-37     2025-03-26 [1] CRAN (R 4.4.3)
 lmerTest     * 3.2-0      2026-01-13 [1] CRAN (R 4.4.3)
 magrittr       2.0.4      2025-09-12 [1] CRAN (R 4.4.3)
 MASS           7.3-65     2025-02-28 [1] CRAN (R 4.4.3)
 Matrix       * 1.7-4      2025-08-28 [1] CRAN (R 4.4.3)
 minqa          1.2.8      2024-08-17 [1] CRAN (R 4.4.3)
 mvtnorm        1.3-3      2025-01-10 [1] CRAN (R 4.4.3)
 nlme           3.1-168    2025-03-31 [1] CRAN (R 4.4.3)
 nloptr         2.2.1      2025-03-17 [1] CRAN (R 4.4.3)
 numDeriv       2016.8-1.1 2019-06-06 [1] CRAN (R 4.4.1)
 pbkrtest       0.5.5      2025-07-18 [1] CRAN (R 4.4.3)
 pillar         1.11.1     2025-09-17 [1] CRAN (R 4.4.3)
 pkgconfig      2.0.3      2019-09-22 [1] CRAN (R 4.4.1)
 purrr          1.1.0      2025-07-10 [1] CRAN (R 4.4.3)
 R.methodsS3    1.8.2      2022-06-13 [1] CRAN (R 4.4.3)
 R.oo           1.27.1     2025-05-02 [1] CRAN (R 4.4.3)
 R.utils        2.13.0     2025-02-24 [1] CRAN (R 4.4.3)
 R6             2.6.1      2025-02-15 [1] CRAN (R 4.4.2)
 ragg           1.5.0      2025-09-02 [1] CRAN (R 4.4.3)
 rbibutils      2.3        2024-10-04 [1] CRAN (R 4.4.3)
 RColorBrewer   1.1-3      2022-04-03 [1] CRAN (R 4.4.1)
 Rcpp           1.1.0      2025-07-02 [1] CRAN (R 4.4.3)
 Rdpack         2.6.4      2025-04-09 [1] CRAN (R 4.4.3)
 reformulas     0.4.2      2025-10-28 [1] CRAN (R 4.4.3)
 rlang          1.1.6      2025-04-11 [1] CRAN (R 4.4.3)
 S7             0.2.0      2024-11-07 [1] CRAN (R 4.4.3)
 scales         1.4.0      2025-04-24 [1] CRAN (R 4.4.3)
 sessioninfo    1.2.3      2025-02-05 [1] CRAN (R 4.4.3)
 systemfonts    1.3.1      2025-10-01 [1] CRAN (R 4.4.3)
 textshaping    1.0.4      2025-10-10 [1] CRAN (R 4.4.3)
 tibble         3.3.0      2025-06-08 [1] CRAN (R 4.4.3)
 tidyr        * 1.3.1      2024-01-24 [1] CRAN (R 4.4.1)
 tidyselect     1.2.1      2024-03-11 [1] CRAN (R 4.4.1)
 vctrs          0.6.5      2023-12-01 [1] CRAN (R 4.4.1)
 withr          3.0.2      2024-10-28 [1] CRAN (R 4.4.1)
 xtable         1.8-4      2019-04-21 [1] CRAN (R 4.4.1)

 [1] /ocean/projects/bio250020p/shared/opt/env/R_env/lib/R/library
 * -- Packages attached to the search path.

----------------------------------------------------------------------------------------------------------------------
2026-09-08 09:13:44 - **** Job ends ****
