2026-09-22 12:12:16 - **** Job starts ****
Job id: 46788808

Currently Loaded Modules:
  1) anaconda3/2024.10-1

 

2026-09-22 12:12:18 - **** Export pericyte UMAP coords (scRNA_env) ****
2026-09-22 12:18:34,274 [INFO] wrote pericyte_umap_coords.tsv.gz (11680 cells, cols=['barcode', 'UMAP1', 'UMAP2'])
-----
pandas              2.3.2
scanpy              1.11.4
session_info        v1.0.1
-----
Python 3.10.18 | packaged by conda-forge | (main, Jun  4 2025, 14:45:41) [GCC 13.3.0]
Linux-4.18.0-553.22.1.el8_10.x86_64-x86_64-with-glibc2.28
-----
Session information updated at 2026-09-22 12:18
2026-09-22 12:19:26 - **** Integrated pericyte-layer figure (main + supplement) ****
pericyte-layer figures written to /ocean/projects/bio260021p/kbenjamin/projects/angiotensinII_lung/figures/mechanism 
- Session info ---------------------------------------------------------------
 setting  value
 version  R version 4.4.3 (2025-02-28)
 os       Red Hat Enterprise Linux 8.10 (Ootpa)
 system   x86_64, linux-gnu
 ui       X11
 language (EN)
 collate  C
 ctype    C
 tz       America/New_York
 date     2026-09-22
 pandoc   3.6.4 @ /ocean/projects/bio250020p/shared/opt/env/R_env/bin/pandoc
 quarto   NA

- Packages -------------------------------------------------------------------
 package      * version date (UTC) lib source
 cli            3.6.5   2025-04-23 [2] CRAN (R 4.4.3)
 data.table   * 1.17.8  2025-07-10 [2] CRAN (R 4.4.3)
 dplyr        * 1.1.4   2023-11-17 [2] CRAN (R 4.4.1)
 farver         2.1.2   2024-05-13 [2] CRAN (R 4.4.1)
 generics       0.1.4   2025-05-09 [2] CRAN (R 4.4.3)
 ggplot2      * 4.0.0   2025-09-11 [2] CRAN (R 4.4.3)
 glue           1.8.0   2024-09-30 [2] CRAN (R 4.4.1)
 gtable         0.3.6   2024-10-25 [2] CRAN (R 4.4.1)
 labeling       0.4.3   2023-08-29 [2] CRAN (R 4.4.1)
 lifecycle      1.0.4   2023-11-07 [2] CRAN (R 4.4.1)
 magrittr       2.0.4   2025-09-12 [2] CRAN (R 4.4.3)
 patchwork    * 1.3.2   2025-08-25 [2] CRAN (R 4.4.3)
 pillar         1.11.1  2025-09-17 [2] CRAN (R 4.4.3)
 pkgconfig      2.0.3   2019-09-22 [2] CRAN (R 4.4.1)
 purrr          1.1.0   2025-07-10 [2] CRAN (R 4.4.3)
 R.methodsS3    1.8.2   2022-06-13 [2] CRAN (R 4.4.3)
 R.oo           1.27.1  2025-05-02 [2] CRAN (R 4.4.3)
 R.utils        2.13.0  2025-02-24 [2] CRAN (R 4.4.3)
 R6             2.6.1   2025-02-15 [2] CRAN (R 4.4.2)
 ragg           1.5.0   2025-09-02 [2] CRAN (R 4.4.3)
 RColorBrewer   1.1-3   2022-04-03 [2] CRAN (R 4.4.1)
 rlang          1.1.6   2025-04-11 [2] CRAN (R 4.4.3)
 S7             0.2.0   2024-11-07 [2] CRAN (R 4.4.3)
 scales         1.4.0   2025-04-24 [2] CRAN (R 4.4.3)
 sessioninfo    1.2.3   2025-02-05 [2] CRAN (R 4.4.3)
 svglite        2.2.2   2025-10-21 [2] CRAN (R 4.4.3)
 systemfonts    1.3.1   2025-10-01 [2] CRAN (R 4.4.3)
 textshaping    1.0.4   2025-10-10 [2] CRAN (R 4.4.3)
 tibble         3.3.0   2025-06-08 [2] CRAN (R 4.4.3)
 tidyr        * 1.3.1   2024-01-24 [2] CRAN (R 4.4.1)
 tidyselect     1.2.1   2024-03-11 [2] CRAN (R 4.4.1)
 vctrs          0.6.5   2023-12-01 [2] CRAN (R 4.4.1)
 viridisLite    0.4.2   2023-05-02 [2] CRAN (R 4.4.1)
 withr          3.0.2   2024-10-28 [2] CRAN (R 4.4.1)

 [1] /jet/home/kbenjamin/R/x86_64-conda-linux-gnu-library/4.4
 [2] /ocean/projects/bio250020p/shared/opt/env/R_env/lib/R/library
 * -- Packages attached to the search path.

------------------------------------------------------------------------------
2026-09-22 12:20:07 - **** S3: pericyte-state stability + annotation ****
Wrote figureS_state_annotation to /ocean/projects/bio260021p/kbenjamin/projects/angiotensinII_lung/figures/mechanism 

Reproducibility information:
- Session info ---------------------------------------------------------------
 setting  value
 version  R version 4.4.3 (2025-02-28)
 os       Red Hat Enterprise Linux 8.10 (Ootpa)
 system   x86_64, linux-gnu
 ui       X11
 language (EN)
 collate  C
 ctype    C
 tz       America/New_York
 date     2026-09-22
 pandoc   3.6.4 @ /ocean/projects/bio250020p/shared/opt/env/R_env/bin/pandoc
 quarto   NA

- Packages -------------------------------------------------------------------
 package      * version date (UTC) lib source
 cli            3.6.5   2025-04-23 [2] CRAN (R 4.4.3)
 data.table   * 1.17.8  2025-07-10 [2] CRAN (R 4.4.3)
 dplyr        * 1.1.4   2023-11-17 [2] CRAN (R 4.4.1)
 farver         2.1.2   2024-05-13 [2] CRAN (R 4.4.1)
 generics       0.1.4   2025-05-09 [2] CRAN (R 4.4.3)
 ggplot2      * 4.0.0   2025-09-11 [2] CRAN (R 4.4.3)
 glue           1.8.0   2024-09-30 [2] CRAN (R 4.4.1)
 gtable         0.3.6   2024-10-25 [2] CRAN (R 4.4.1)
 labeling       0.4.3   2023-08-29 [2] CRAN (R 4.4.1)
 lifecycle      1.0.4   2023-11-07 [2] CRAN (R 4.4.1)
 magrittr       2.0.4   2025-09-12 [2] CRAN (R 4.4.3)
 patchwork    * 1.3.2   2025-08-25 [2] CRAN (R 4.4.3)
 pillar         1.11.1  2025-09-17 [2] CRAN (R 4.4.3)
 pkgconfig      2.0.3   2019-09-22 [2] CRAN (R 4.4.1)
 purrr          1.1.0   2025-07-10 [2] CRAN (R 4.4.3)
 R6             2.6.1   2025-02-15 [2] CRAN (R 4.4.2)
 ragg           1.5.0   2025-09-02 [2] CRAN (R 4.4.3)
 RColorBrewer   1.1-3   2022-04-03 [2] CRAN (R 4.4.1)
 rlang          1.1.6   2025-04-11 [2] CRAN (R 4.4.3)
 S7             0.2.0   2024-11-07 [2] CRAN (R 4.4.3)
 scales         1.4.0   2025-04-24 [2] CRAN (R 4.4.3)
 sessioninfo    1.2.3   2025-02-05 [2] CRAN (R 4.4.3)
 svglite        2.2.2   2025-10-21 [2] CRAN (R 4.4.3)
 systemfonts    1.3.1   2025-10-01 [2] CRAN (R 4.4.3)
 textshaping    1.0.4   2025-10-10 [2] CRAN (R 4.4.3)
 tibble         3.3.0   2025-06-08 [2] CRAN (R 4.4.3)
 tidyr        * 1.3.1   2024-01-24 [2] CRAN (R 4.4.1)
 tidyselect     1.2.1   2024-03-11 [2] CRAN (R 4.4.1)
 vctrs          0.6.5   2023-12-01 [2] CRAN (R 4.4.1)
 withr          3.0.2   2024-10-28 [2] CRAN (R 4.4.1)

 [1] /jet/home/kbenjamin/R/x86_64-conda-linux-gnu-library/4.4
 [2] /ocean/projects/bio250020p/shared/opt/env/R_env/lib/R/library
 * -- Packages attached to the search path.

------------------------------------------------------------------------------
2026-09-22 12:20:14 - **** S4: AGTR1 dropout vs distinct population ****
Wrote figureS_agtr1_dropout to /ocean/projects/bio260021p/kbenjamin/projects/angiotensinII_lung/figures/mechanism 

Reproducibility information:
- Session info ---------------------------------------------------------------
 setting  value
 version  R version 4.4.3 (2025-02-28)
 os       Red Hat Enterprise Linux 8.10 (Ootpa)
 system   x86_64, linux-gnu
 ui       X11
 language (EN)
 collate  C
 ctype    C
 tz       America/New_York
 date     2026-09-22
 pandoc   3.6.4 @ /ocean/projects/bio250020p/shared/opt/env/R_env/bin/pandoc
 quarto   NA

- Packages -------------------------------------------------------------------
 package      * version date (UTC) lib source
 cli            3.6.5   2025-04-23 [2] CRAN (R 4.4.3)
 data.table   * 1.17.8  2025-07-10 [2] CRAN (R 4.4.3)
 dplyr          1.1.4   2023-11-17 [2] CRAN (R 4.4.1)
 farver         2.1.2   2024-05-13 [2] CRAN (R 4.4.1)
 generics       0.1.4   2025-05-09 [2] CRAN (R 4.4.3)
 ggplot2      * 4.0.0   2025-09-11 [2] CRAN (R 4.4.3)
 glue           1.8.0   2024-09-30 [2] CRAN (R 4.4.1)
 gtable         0.3.6   2024-10-25 [2] CRAN (R 4.4.1)
 labeling       0.4.3   2023-08-29 [2] CRAN (R 4.4.1)
 lattice        0.22-7  2025-04-02 [2] CRAN (R 4.4.3)
 lifecycle      1.0.4   2023-11-07 [2] CRAN (R 4.4.1)
 magrittr       2.0.4   2025-09-12 [2] CRAN (R 4.4.3)
 Matrix         1.7-4   2025-08-28 [2] CRAN (R 4.4.3)
 mgcv           1.9-3   2025-04-04 [2] CRAN (R 4.4.3)
 nlme           3.1-168 2025-03-31 [2] CRAN (R 4.4.3)
 patchwork    * 1.3.2   2025-08-25 [2] CRAN (R 4.4.3)
 pillar         1.11.1  2025-09-17 [2] CRAN (R 4.4.3)
 pkgconfig      2.0.3   2019-09-22 [2] CRAN (R 4.4.1)
 R.methodsS3    1.8.2   2022-06-13 [2] CRAN (R 4.4.3)
 R.oo           1.27.1  2025-05-02 [2] CRAN (R 4.4.3)
 R.utils        2.13.0  2025-02-24 [2] CRAN (R 4.4.3)
 R6             2.6.1   2025-02-15 [2] CRAN (R 4.4.2)
 ragg           1.5.0   2025-09-02 [2] CRAN (R 4.4.3)
 RColorBrewer   1.1-3   2022-04-03 [2] CRAN (R 4.4.1)
 rlang          1.1.6   2025-04-11 [2] CRAN (R 4.4.3)
 S7             0.2.0   2024-11-07 [2] CRAN (R 4.4.3)
 scales         1.4.0   2025-04-24 [2] CRAN (R 4.4.3)
 sessioninfo    1.2.3   2025-02-05 [2] CRAN (R 4.4.3)
 svglite        2.2.2   2025-10-21 [2] CRAN (R 4.4.3)
 systemfonts    1.3.1   2025-10-01 [2] CRAN (R 4.4.3)
 textshaping    1.0.4   2025-10-10 [2] CRAN (R 4.4.3)
 tibble         3.3.0   2025-06-08 [2] CRAN (R 4.4.3)
 tidyselect     1.2.1   2024-03-11 [2] CRAN (R 4.4.1)
 vctrs          0.6.5   2023-12-01 [2] CRAN (R 4.4.1)
 withr          3.0.2   2024-10-28 [2] CRAN (R 4.4.1)

 [1] /jet/home/kbenjamin/R/x86_64-conda-linux-gnu-library/4.4
 [2] /ocean/projects/bio250020p/shared/opt/env/R_env/lib/R/library
 * -- Packages attached to the search path.

------------------------------------------------------------------------------
2026-09-22 12:20:25 - **** S6: unsupervised CoGAPS validation of the programs ****
Wrote figureS_cogaps_validation to /ocean/projects/bio260021p/kbenjamin/projects/angiotensinII_lung/figures/mechanism 

Reproducibility information:
- Session info ---------------------------------------------------------------
 setting  value
 version  R version 4.4.3 (2025-02-28)
 os       Red Hat Enterprise Linux 8.10 (Ootpa)
 system   x86_64, linux-gnu
 ui       X11
 language (EN)
 collate  C
 ctype    C
 tz       America/New_York
 date     2026-09-22
 pandoc   3.6.4 @ /ocean/projects/bio250020p/shared/opt/env/R_env/bin/pandoc
 quarto   NA

- Packages -------------------------------------------------------------------
 package      * version date (UTC) lib source
 cli            3.6.5   2025-04-23 [2] CRAN (R 4.4.3)
 data.table   * 1.17.8  2025-07-10 [2] CRAN (R 4.4.3)
 dplyr          1.1.4   2023-11-17 [2] CRAN (R 4.4.1)
 farver         2.1.2   2024-05-13 [2] CRAN (R 4.4.1)
 generics       0.1.4   2025-05-09 [2] CRAN (R 4.4.3)
 ggplot2      * 4.0.0   2025-09-11 [2] CRAN (R 4.4.3)
 glue           1.8.0   2024-09-30 [2] CRAN (R 4.4.1)
 gtable         0.3.6   2024-10-25 [2] CRAN (R 4.4.1)
 labeling       0.4.3   2023-08-29 [2] CRAN (R 4.4.1)
 lifecycle      1.0.4   2023-11-07 [2] CRAN (R 4.4.1)
 magrittr       2.0.4   2025-09-12 [2] CRAN (R 4.4.3)
 patchwork    * 1.3.2   2025-08-25 [2] CRAN (R 4.4.3)
 pillar         1.11.1  2025-09-17 [2] CRAN (R 4.4.3)
 pkgconfig      2.0.3   2019-09-22 [2] CRAN (R 4.4.1)
 R.methodsS3    1.8.2   2022-06-13 [2] CRAN (R 4.4.3)
 R.oo           1.27.1  2025-05-02 [2] CRAN (R 4.4.3)
 R.utils        2.13.0  2025-02-24 [2] CRAN (R 4.4.3)
 R6             2.6.1   2025-02-15 [2] CRAN (R 4.4.2)
 ragg           1.5.0   2025-09-02 [2] CRAN (R 4.4.3)
 RColorBrewer   1.1-3   2022-04-03 [2] CRAN (R 4.4.1)
 rlang          1.1.6   2025-04-11 [2] CRAN (R 4.4.3)
 S7             0.2.0   2024-11-07 [2] CRAN (R 4.4.3)
 scales         1.4.0   2025-04-24 [2] CRAN (R 4.4.3)
 sessioninfo    1.2.3   2025-02-05 [2] CRAN (R 4.4.3)
 svglite        2.2.2   2025-10-21 [2] CRAN (R 4.4.3)
 systemfonts    1.3.1   2025-10-01 [2] CRAN (R 4.4.3)
 textshaping    1.0.4   2025-10-10 [2] CRAN (R 4.4.3)
 tibble         3.3.0   2025-06-08 [2] CRAN (R 4.4.3)
 tidyselect     1.2.1   2024-03-11 [2] CRAN (R 4.4.1)
 vctrs          0.6.5   2023-12-01 [2] CRAN (R 4.4.1)
 withr          3.0.2   2024-10-28 [2] CRAN (R 4.4.1)

 [1] /jet/home/kbenjamin/R/x86_64-conda-linux-gnu-library/4.4
 [2] /ocean/projects/bio250020p/shared/opt/env/R_env/lib/R/library
 * -- Packages attached to the search path.

------------------------------------------------------------------------------
2026-09-22 12:20:30 - **** Basement-membrane figure + S10, S15 ****
wrote figure_basement_membrane (8 panels)
wrote figureS_ras_landscape
wrote figureS_bm_copd
Warning message:
`geom_errobarh()` was deprecated in ggplot2 4.0.0.
i Please use the `orientation` argument of `geom_errorbar()` instead. 
`height` was translated to `width`.
`height` was translated to `width`.
`height` was translated to `width`.
wrote figureS_bm_associations (5 panels)
- Session info ---------------------------------------------------------------
 setting  value
 version  R version 4.4.3 (2025-02-28)
 os       Red Hat Enterprise Linux 8.10 (Ootpa)
 system   x86_64, linux-gnu
 ui       X11
 language (EN)
 collate  C
 ctype    C
 tz       America/New_York
 date     2026-09-22
 pandoc   3.6.4 @ /ocean/projects/bio250020p/shared/opt/env/R_env/bin/pandoc
 quarto   NA

- Packages -------------------------------------------------------------------
 package      * version date (UTC) lib source
 cli            3.6.5   2025-04-23 [2] CRAN (R 4.4.3)
 data.table   * 1.17.8  2025-07-10 [2] CRAN (R 4.4.3)
 dplyr        * 1.1.4   2023-11-17 [2] CRAN (R 4.4.1)
 farver         2.1.2   2024-05-13 [2] CRAN (R 4.4.1)
 generics       0.1.4   2025-05-09 [2] CRAN (R 4.4.3)
 ggplot2      * 4.0.0   2025-09-11 [2] CRAN (R 4.4.3)
 glue           1.8.0   2024-09-30 [2] CRAN (R 4.4.1)
 gtable         0.3.6   2024-10-25 [2] CRAN (R 4.4.1)
 labeling       0.4.3   2023-08-29 [2] CRAN (R 4.4.1)
 lifecycle      1.0.4   2023-11-07 [2] CRAN (R 4.4.1)
 magrittr       2.0.4   2025-09-12 [2] CRAN (R 4.4.3)
 patchwork    * 1.3.2   2025-08-25 [2] CRAN (R 4.4.3)
 pillar         1.11.1  2025-09-17 [2] CRAN (R 4.4.3)
 pkgconfig      2.0.3   2019-09-22 [2] CRAN (R 4.4.1)
 purrr          1.1.0   2025-07-10 [2] CRAN (R 4.4.3)
 R.methodsS3    1.8.2   2022-06-13 [2] CRAN (R 4.4.3)
 R.oo           1.27.1  2025-05-02 [2] CRAN (R 4.4.3)
 R.utils        2.13.0  2025-02-24 [2] CRAN (R 4.4.3)
 R6             2.6.1   2025-02-15 [2] CRAN (R 4.4.2)
 ragg           1.5.0   2025-09-02 [2] CRAN (R 4.4.3)
 RColorBrewer   1.1-3   2022-04-03 [2] CRAN (R 4.4.1)
 rlang          1.1.6   2025-04-11 [2] CRAN (R 4.4.3)
 S7             0.2.0   2024-11-07 [2] CRAN (R 4.4.3)
 scales         1.4.0   2025-04-24 [2] CRAN (R 4.4.3)
 sessioninfo    1.2.3   2025-02-05 [2] CRAN (R 4.4.3)
 svglite        2.2.2   2025-10-21 [2] CRAN (R 4.4.3)
 systemfonts    1.3.1   2025-10-01 [2] CRAN (R 4.4.3)
 textshaping    1.0.4   2025-10-10 [2] CRAN (R 4.4.3)
 tibble         3.3.0   2025-06-08 [2] CRAN (R 4.4.3)
 tidyr        * 1.3.1   2024-01-24 [2] CRAN (R 4.4.1)
 tidyselect     1.2.1   2024-03-11 [2] CRAN (R 4.4.1)
 vctrs          0.6.5   2023-12-01 [2] CRAN (R 4.4.1)
 viridisLite    0.4.2   2023-05-02 [2] CRAN (R 4.4.1)
 withr          3.0.2   2024-10-28 [2] CRAN (R 4.4.1)

 [1] /jet/home/kbenjamin/R/x86_64-conda-linux-gnu-library/4.4
 [2] /ocean/projects/bio250020p/shared/opt/env/R_env/lib/R/library
 * -- Packages attached to the search path.

------------------------------------------------------------------------------
2026-09-22 12:20:49 - **** S7: pericyte continuum stability ****
Wrote figureS_continuum_stability to /ocean/projects/bio260021p/kbenjamin/projects/angiotensinII_lung/figures/mechanism 

Reproducibility information:
- Session info ---------------------------------------------------------------
 setting  value
 version  R version 4.4.3 (2025-02-28)
 os       Red Hat Enterprise Linux 8.10 (Ootpa)
 system   x86_64, linux-gnu
 ui       X11
 language (EN)
 collate  C
 ctype    C
 tz       America/New_York
 date     2026-09-22
 pandoc   3.6.4 @ /ocean/projects/bio250020p/shared/opt/env/R_env/bin/pandoc
 quarto   NA

- Packages -------------------------------------------------------------------
 package      * version date (UTC) lib source
 cli            3.6.5   2025-04-23 [2] CRAN (R 4.4.3)
 data.table   * 1.17.8  2025-07-10 [2] CRAN (R 4.4.3)
 dplyr        * 1.1.4   2023-11-17 [2] CRAN (R 4.4.1)
 farver         2.1.2   2024-05-13 [2] CRAN (R 4.4.1)
 generics       0.1.4   2025-05-09 [2] CRAN (R 4.4.3)
 ggplot2      * 4.0.0   2025-09-11 [2] CRAN (R 4.4.3)
 glue           1.8.0   2024-09-30 [2] CRAN (R 4.4.1)
 gtable         0.3.6   2024-10-25 [2] CRAN (R 4.4.1)
 labeling       0.4.3   2023-08-29 [2] CRAN (R 4.4.1)
 lifecycle      1.0.4   2023-11-07 [2] CRAN (R 4.4.1)
 magrittr       2.0.4   2025-09-12 [2] CRAN (R 4.4.3)
 patchwork    * 1.3.2   2025-08-25 [2] CRAN (R 4.4.3)
 pillar         1.11.1  2025-09-17 [2] CRAN (R 4.4.3)
 pkgconfig      2.0.3   2019-09-22 [2] CRAN (R 4.4.1)
 purrr          1.1.0   2025-07-10 [2] CRAN (R 4.4.3)
 R6             2.6.1   2025-02-15 [2] CRAN (R 4.4.2)
 ragg           1.5.0   2025-09-02 [2] CRAN (R 4.4.3)
 RColorBrewer   1.1-3   2022-04-03 [2] CRAN (R 4.4.1)
 rlang          1.1.6   2025-04-11 [2] CRAN (R 4.4.3)
 S7             0.2.0   2024-11-07 [2] CRAN (R 4.4.3)
 scales         1.4.0   2025-04-24 [2] CRAN (R 4.4.3)
 sessioninfo    1.2.3   2025-02-05 [2] CRAN (R 4.4.3)
 svglite        2.2.2   2025-10-21 [2] CRAN (R 4.4.3)
 systemfonts    1.3.1   2025-10-01 [2] CRAN (R 4.4.3)
 textshaping    1.0.4   2025-10-10 [2] CRAN (R 4.4.3)
 tibble         3.3.0   2025-06-08 [2] CRAN (R 4.4.3)
 tidyr        * 1.3.1   2024-01-24 [2] CRAN (R 4.4.1)
 tidyselect     1.2.1   2024-03-11 [2] CRAN (R 4.4.1)
 vctrs          0.6.5   2023-12-01 [2] CRAN (R 4.4.1)
 withr          3.0.2   2024-10-28 [2] CRAN (R 4.4.1)

 [1] /jet/home/kbenjamin/R/x86_64-conda-linux-gnu-library/4.4
 [2] /ocean/projects/bio250020p/shared/opt/env/R_env/lib/R/library
 * -- Packages attached to the search path.

------------------------------------------------------------------------------
2026-09-22 12:20:53 - **** S8: NicheNet specificity + donor validation ****
drop_non_ligands: removed 3 of 25 rows (COPA, MMP14, SIRPB2)
Warning message:
`geom_errobarh()` was deprecated in ggplot2 4.0.0.
i Please use the `orientation` argument of `geom_errorbar()` instead. 
`height` was translated to `width`.
`height` was translated to `width`.
`height` was translated to `width`.
Wrote figureS_nichenet_specificity to /ocean/projects/bio260021p/kbenjamin/projects/angiotensinII_lung/figures/mechanism 

Reproducibility information:
- Session info ---------------------------------------------------------------
 setting  value
 version  R version 4.4.3 (2025-02-28)
 os       Red Hat Enterprise Linux 8.10 (Ootpa)
 system   x86_64, linux-gnu
 ui       X11
 language (EN)
 collate  C
 ctype    C
 tz       America/New_York
 date     2026-09-22
 pandoc   3.6.4 @ /ocean/projects/bio250020p/shared/opt/env/R_env/bin/pandoc
 quarto   NA

- Packages -------------------------------------------------------------------
 package      * version date (UTC) lib source
 cli            3.6.5   2025-04-23 [2] CRAN (R 4.4.3)
 data.table   * 1.17.8  2025-07-10 [2] CRAN (R 4.4.3)
 dplyr        * 1.1.4   2023-11-17 [2] CRAN (R 4.4.1)
 farver         2.1.2   2024-05-13 [2] CRAN (R 4.4.1)
 generics       0.1.4   2025-05-09 [2] CRAN (R 4.4.3)
 ggplot2      * 4.0.0   2025-09-11 [2] CRAN (R 4.4.3)
 glue           1.8.0   2024-09-30 [2] CRAN (R 4.4.1)
 gtable         0.3.6   2024-10-25 [2] CRAN (R 4.4.1)
 labeling       0.4.3   2023-08-29 [2] CRAN (R 4.4.1)
 lattice        0.22-7  2025-04-02 [2] CRAN (R 4.4.3)
 lifecycle      1.0.4   2023-11-07 [2] CRAN (R 4.4.1)
 magrittr       2.0.4   2025-09-12 [2] CRAN (R 4.4.3)
 Matrix         1.7-4   2025-08-28 [2] CRAN (R 4.4.3)
 mgcv           1.9-3   2025-04-04 [2] CRAN (R 4.4.3)
 nlme           3.1-168 2025-03-31 [2] CRAN (R 4.4.3)
 patchwork    * 1.3.2   2025-08-25 [2] CRAN (R 4.4.3)
 pillar         1.11.1  2025-09-17 [2] CRAN (R 4.4.3)
 pkgconfig      2.0.3   2019-09-22 [2] CRAN (R 4.4.1)
 purrr          1.1.0   2025-07-10 [2] CRAN (R 4.4.3)
 R.methodsS3    1.8.2   2022-06-13 [2] CRAN (R 4.4.3)
 R.oo           1.27.1  2025-05-02 [2] CRAN (R 4.4.3)
 R.utils        2.13.0  2025-02-24 [2] CRAN (R 4.4.3)
 R6             2.6.1   2025-02-15 [2] CRAN (R 4.4.2)
 ragg           1.5.0   2025-09-02 [2] CRAN (R 4.4.3)
 RColorBrewer   1.1-3   2022-04-03 [2] CRAN (R 4.4.1)
 rlang          1.1.6   2025-04-11 [2] CRAN (R 4.4.3)
 S7             0.2.0   2024-11-07 [2] CRAN (R 4.4.3)
 scales         1.4.0   2025-04-24 [2] CRAN (R 4.4.3)
 sessioninfo    1.2.3   2025-02-05 [2] CRAN (R 4.4.3)
 svglite        2.2.2   2025-10-21 [2] CRAN (R 4.4.3)
 systemfonts    1.3.1   2025-10-01 [2] CRAN (R 4.4.3)
 textshaping    1.0.4   2025-10-10 [2] CRAN (R 4.4.3)
 tibble         3.3.0   2025-06-08 [2] CRAN (R 4.4.3)
 tidyr        * 1.3.1   2024-01-24 [2] CRAN (R 4.4.1)
 tidyselect     1.2.1   2024-03-11 [2] CRAN (R 4.4.1)
 vctrs          0.6.5   2023-12-01 [2] CRAN (R 4.4.1)
 withr          3.0.2   2024-10-28 [2] CRAN (R 4.4.1)

 [1] /jet/home/kbenjamin/R/x86_64-conda-linux-gnu-library/4.4
 [2] /ocean/projects/bio250020p/shared/opt/env/R_env/lib/R/library
 * -- Packages attached to the search path.

------------------------------------------------------------------------------
2026-09-22 12:20:59 - **** S9: receiver robustness + BM-restricted signaling ****
Warning messages:
1: Removed 22 rows containing missing values or values outside the scale range
(`geom_text()`). 
2: Removed 22 rows containing missing values or values outside the scale range
(`geom_text()`). 
3: Removed 22 rows containing missing values or values outside the scale range
(`geom_text()`). 
Wrote figureS_receiver_robustness to /ocean/projects/bio260021p/kbenjamin/projects/angiotensinII_lung/figures/mechanism 
  panel A: 22 ligands x 10 receivers; min pairwise rho = 0.537
  panel D: 321 BM candidates, rho vs injury ranking = 0.227, 8/20 shared

Reproducibility information:
- Session info ---------------------------------------------------------------
 setting  value
 version  R version 4.4.3 (2025-02-28)
 os       Red Hat Enterprise Linux 8.10 (Ootpa)
 system   x86_64, linux-gnu
 ui       X11
 language (EN)
 collate  C
 ctype    C
 tz       America/New_York
 date     2026-09-22
 pandoc   3.6.4 @ /ocean/projects/bio250020p/shared/opt/env/R_env/bin/pandoc
 quarto   NA

- Packages -------------------------------------------------------------------
 package      * version date (UTC) lib source
 cli            3.6.5   2025-04-23 [2] CRAN (R 4.4.3)
 data.table   * 1.17.8  2025-07-10 [2] CRAN (R 4.4.3)
 dplyr        * 1.1.4   2023-11-17 [2] CRAN (R 4.4.1)
 farver         2.1.2   2024-05-13 [2] CRAN (R 4.4.1)
 generics       0.1.4   2025-05-09 [2] CRAN (R 4.4.3)
 ggplot2      * 4.0.0   2025-09-11 [2] CRAN (R 4.4.3)
 glue           1.8.0   2024-09-30 [2] CRAN (R 4.4.1)
 gtable         0.3.6   2024-10-25 [2] CRAN (R 4.4.1)
 labeling       0.4.3   2023-08-29 [2] CRAN (R 4.4.1)
 lifecycle      1.0.4   2023-11-07 [2] CRAN (R 4.4.1)
 magrittr       2.0.4   2025-09-12 [2] CRAN (R 4.4.3)
 patchwork    * 1.3.2   2025-08-25 [2] CRAN (R 4.4.3)
 pillar         1.11.1  2025-09-17 [2] CRAN (R 4.4.3)
 pkgconfig      2.0.3   2019-09-22 [2] CRAN (R 4.4.1)
 purrr          1.1.0   2025-07-10 [2] CRAN (R 4.4.3)
 R.methodsS3    1.8.2   2022-06-13 [2] CRAN (R 4.4.3)
 R.oo           1.27.1  2025-05-02 [2] CRAN (R 4.4.3)
 R.utils        2.13.0  2025-02-24 [2] CRAN (R 4.4.3)
 R6             2.6.1   2025-02-15 [2] CRAN (R 4.4.2)
 ragg           1.5.0   2025-09-02 [2] CRAN (R 4.4.3)
 RColorBrewer   1.1-3   2022-04-03 [2] CRAN (R 4.4.1)
 rlang          1.1.6   2025-04-11 [2] CRAN (R 4.4.3)
 S7             0.2.0   2024-11-07 [2] CRAN (R 4.4.3)
 scales         1.4.0   2025-04-24 [2] CRAN (R 4.4.3)
 sessioninfo    1.2.3   2025-02-05 [2] CRAN (R 4.4.3)
 svglite        2.2.2   2025-10-21 [2] CRAN (R 4.4.3)
 systemfonts    1.3.1   2025-10-01 [2] CRAN (R 4.4.3)
 textshaping    1.0.4   2025-10-10 [2] CRAN (R 4.4.3)
 tibble         3.3.0   2025-06-08 [2] CRAN (R 4.4.3)
 tidyr        * 1.3.1   2024-01-24 [2] CRAN (R 4.4.1)
 tidyselect     1.2.1   2024-03-11 [2] CRAN (R 4.4.1)
 vctrs          0.6.5   2023-12-01 [2] CRAN (R 4.4.1)
 viridisLite    0.4.2   2023-05-02 [2] CRAN (R 4.4.1)
 withr          3.0.2   2024-10-28 [2] CRAN (R 4.4.1)

 [1] /jet/home/kbenjamin/R/x86_64-conda-linux-gnu-library/4.4
 [2] /ocean/projects/bio250020p/shared/opt/env/R_env/lib/R/library
 * -- Packages attached to the search path.

------------------------------------------------------------------------------
2026-09-22 12:21:05 - **** S11: discrete state composition by disease ****
donors per disease group:
     Healthy         COPD Fibrotic_ILD        Other 
          42            1           24           22 
  NOTE: COPD below n = 3 -- drawn, flagged, never contrasted
panel D: dropped 10 Healthy-vs-COPD contrasts (n = 1 donor, not estimable)
Warning message:
`geom_errobarh()` was deprecated in ggplot2 4.0.0.
i Please use the `orientation` argument of `geom_errorbar()` instead. 
`height` was translated to `width`.
`height` was translated to `width`.
`height` was translated to `width`.
Wrote figureS_state_composition to /ocean/projects/bio260021p/kbenjamin/projects/angiotensinII_lung/figures/mechanism 
  donors: 89; contrasts in forest: 20; any BH p < 0.05: FALSE

Reproducibility information:
- Session info ---------------------------------------------------------------
 setting  value
 version  R version 4.4.3 (2025-02-28)
 os       Red Hat Enterprise Linux 8.10 (Ootpa)
 system   x86_64, linux-gnu
 ui       X11
 language (EN)
 collate  C
 ctype    C
 tz       America/New_York
 date     2026-09-22
 pandoc   3.6.4 @ /ocean/projects/bio250020p/shared/opt/env/R_env/bin/pandoc
 quarto   NA

- Packages -------------------------------------------------------------------
 package      * version date (UTC) lib source
 cli            3.6.5   2025-04-23 [2] CRAN (R 4.4.3)
 data.table   * 1.17.8  2025-07-10 [2] CRAN (R 4.4.3)
 dplyr        * 1.1.4   2023-11-17 [2] CRAN (R 4.4.1)
 farver         2.1.2   2024-05-13 [2] CRAN (R 4.4.1)
 generics       0.1.4   2025-05-09 [2] CRAN (R 4.4.3)
 ggplot2      * 4.0.0   2025-09-11 [2] CRAN (R 4.4.3)
 glue           1.8.0   2024-09-30 [2] CRAN (R 4.4.1)
 gtable         0.3.6   2024-10-25 [2] CRAN (R 4.4.1)
 labeling       0.4.3   2023-08-29 [2] CRAN (R 4.4.1)
 lifecycle      1.0.4   2023-11-07 [2] CRAN (R 4.4.1)
 magrittr       2.0.4   2025-09-12 [2] CRAN (R 4.4.3)
 patchwork    * 1.3.2   2025-08-25 [2] CRAN (R 4.4.3)
 pillar         1.11.1  2025-09-17 [2] CRAN (R 4.4.3)
 pkgconfig      2.0.3   2019-09-22 [2] CRAN (R 4.4.1)
 purrr          1.1.0   2025-07-10 [2] CRAN (R 4.4.3)
 R6             2.6.1   2025-02-15 [2] CRAN (R 4.4.2)
 ragg           1.5.0   2025-09-02 [2] CRAN (R 4.4.3)
 RColorBrewer   1.1-3   2022-04-03 [2] CRAN (R 4.4.1)
 rlang          1.1.6   2025-04-11 [2] CRAN (R 4.4.3)
 S7             0.2.0   2024-11-07 [2] CRAN (R 4.4.3)
 scales         1.4.0   2025-04-24 [2] CRAN (R 4.4.3)
 sessioninfo    1.2.3   2025-02-05 [2] CRAN (R 4.4.3)
 svglite        2.2.2   2025-10-21 [2] CRAN (R 4.4.3)
 systemfonts    1.3.1   2025-10-01 [2] CRAN (R 4.4.3)
 textshaping    1.0.4   2025-10-10 [2] CRAN (R 4.4.3)
 tibble         3.3.0   2025-06-08 [2] CRAN (R 4.4.3)
 tidyr        * 1.3.1   2024-01-24 [2] CRAN (R 4.4.1)
 tidyselect     1.2.1   2024-03-11 [2] CRAN (R 4.4.1)
 vctrs          0.6.5   2023-12-01 [2] CRAN (R 4.4.1)
 withr          3.0.2   2024-10-28 [2] CRAN (R 4.4.1)

 [1] /jet/home/kbenjamin/R/x86_64-conda-linux-gnu-library/4.4
 [2] /ocean/projects/bio250020p/shared/opt/env/R_env/lib/R/library
 * -- Packages attached to the search path.

------------------------------------------------------------------------------
2026-09-22 12:21:14 - **** Manuscript figures (main + CCC/NicheNet + supplements) ****
Warning message:
In fread(P("pathway_balance", "_m", "stats_data", "balance_by_state_anova.tsv")) :
  Detected 13 column names but the data has 14 columns (i.e. invalid file). Added an extra default column name for the first column which is guessed to be row names or an index. Use setnames() afterwards if this guess is not correct, or fix the file write command that created the file to create a valid file.
panel E title derived: AT1R-AT2R balance by pericyte program (F(2,60.6) = 4.76, P = 0.012;
Activated/migratory - Basement-membrane BH = 0.026, n = 97 donors)
`height` was translated to `width`.
`height` was translated to `width`.
`height` was translated to `width`.
figureS_acta2_control panel A readouts: ACTA2 (raw), AGTR1 (raw), AGTR1 (denoised), AGTR1 (count model)
Warning message:
`geom_errobarh()` was deprecated in ggplot2 4.0.0.
i Please use the `orientation` argument of `geom_errorbar()` instead. 
Warning message:
In left_join(., prog_eff %>% select(program, eff, share), by = "program") :
  Detected an unexpected many-to-many relationship between `x` and `y`.
i Row 1 of `x` matches multiple rows in `y`.
i Row 13 of `y` matches multiple rows in `x`.
i If a many-to-many relationship is expected, set `relationship =
  "many-to-many"` to silence this warning.
drop_non_ligands: removed 3 of 321 rows (COPA, MMP14, SIRPB2)
`geom_smooth()` using formula = 'y ~ x'
`geom_smooth()` using formula = 'y ~ x'
`geom_smooth()` using formula = 'y ~ x'
Wrote manuscript figures to /ocean/projects/bio260021p/kbenjamin/projects/angiotensinII_lung/figures/mechanism 
 [1] "figureS_acta2_control.pdf"        "figureS_acta2_control.svg"       
 [3] "figureS_agtr1_dropout.pdf"        "figureS_agtr1_dropout.svg"       
 [5] "figureS_alluvial.pdf"             "figureS_alluvial.svg"            
 [7] "figureS_balance_by_state.pdf"     "figureS_balance_by_state.svg"    
 [9] "figureS_bm_associations.pdf"      "figureS_bm_associations.svg"     
[11] "figureS_bm_copd.pdf"              "figureS_bm_copd.svg"             
[13] "figureS_cogaps_validation.pdf"    "figureS_cogaps_validation.svg"   
[15] "figureS_continuum_stability.pdf"  "figureS_continuum_stability.svg" 
[17] "figureS_crossspecies_mouse.pdf"   "figureS_crossspecies_mouse.svg"  
[19] "figureS_nichenet_specificity.pdf" "figureS_nichenet_specificity.svg"
[21] "figureS_pericyte_layer.pdf"       "figureS_pericyte_layer.svg"      
[23] "figureS_program_category.pdf"     "figureS_program_category.svg"    
[25] "figureS_ras_landscape.pdf"        "figureS_ras_landscape.svg"       
[27] "figureS_receiver_robustness.pdf"  "figureS_receiver_robustness.svg" 
[29] "figureS_state_annotation.pdf"     "figureS_state_annotation.svg"    
[31] "figureS_state_composition.pdf"    "figureS_state_composition.svg"   
[33] "figure_basement_membrane.pdf"     "figure_basement_membrane.svg"    
[35] "figure_ccc_nichenet.pdf"          "figure_ccc_nichenet.svg"         
[37] "figure_pericyte_layer.pdf"        "figure_pericyte_layer.svg"       

Reproducibility information:
- Session info ---------------------------------------------------------------
 setting  value
 version  R version 4.4.3 (2025-02-28)
 os       Red Hat Enterprise Linux 8.10 (Ootpa)
 system   x86_64, linux-gnu
 ui       X11
 language (EN)
 collate  C
 ctype    C
 tz       America/New_York
 date     2026-09-22
 pandoc   3.6.4 @ /ocean/projects/bio250020p/shared/opt/env/R_env/bin/pandoc
 quarto   NA

- Packages -------------------------------------------------------------------
 package      * version date (UTC) lib source
 abind          1.4-8   2024-09-12 [2] CRAN (R 4.4.3)
 backports      1.5.0   2024-05-23 [2] CRAN (R 4.4.3)
 broom          1.0.10  2025-09-13 [2] CRAN (R 4.4.3)
 car            3.1-3   2024-09-27 [2] CRAN (R 4.4.3)
 carData        3.0-5   2022-01-06 [2] CRAN (R 4.4.3)
 cli            3.6.5   2025-04-23 [2] CRAN (R 4.4.3)
 data.table   * 1.17.8  2025-07-10 [2] CRAN (R 4.4.3)
 dplyr        * 1.1.4   2023-11-17 [2] CRAN (R 4.4.1)
 farver         2.1.2   2024-05-13 [2] CRAN (R 4.4.1)
 Formula        1.2-5   2023-02-24 [2] CRAN (R 4.4.3)
 generics       0.1.4   2025-05-09 [2] CRAN (R 4.4.3)
 ggalluvial   * 0.12.6  2026-02-22 [2] CRAN (R 4.4.3)
 ggplot2      * 4.0.0   2025-09-11 [2] CRAN (R 4.4.3)
 ggpubr       * 0.6.2   2025-10-17 [2] CRAN (R 4.4.3)
 ggsignif       0.6.4   2022-10-13 [2] CRAN (R 4.4.3)
 glue           1.8.0   2024-09-30 [2] CRAN (R 4.4.1)
 gtable         0.3.6   2024-10-25 [2] CRAN (R 4.4.1)
 labeling       0.4.3   2023-08-29 [2] CRAN (R 4.4.1)
 lattice        0.22-7  2025-04-02 [2] CRAN (R 4.4.3)
 lifecycle      1.0.4   2023-11-07 [2] CRAN (R 4.4.1)
 magrittr       2.0.4   2025-09-12 [2] CRAN (R 4.4.3)
 Matrix         1.7-4   2025-08-28 [2] CRAN (R 4.4.3)
 mgcv           1.9-3   2025-04-04 [2] CRAN (R 4.4.3)
 nlme           3.1-168 2025-03-31 [2] CRAN (R 4.4.3)
 patchwork    * 1.3.2   2025-08-25 [2] CRAN (R 4.4.3)
 pillar         1.11.1  2025-09-17 [2] CRAN (R 4.4.3)
 pkgconfig      2.0.3   2019-09-22 [2] CRAN (R 4.4.1)
 purrr          1.1.0   2025-07-10 [2] CRAN (R 4.4.3)
 R.methodsS3    1.8.2   2022-06-13 [2] CRAN (R 4.4.3)
 R.oo           1.27.1  2025-05-02 [2] CRAN (R 4.4.3)
 R.utils        2.13.0  2025-02-24 [2] CRAN (R 4.4.3)
 R6             2.6.1   2025-02-15 [2] CRAN (R 4.4.2)
 ragg           1.5.0   2025-09-02 [2] CRAN (R 4.4.3)
 RColorBrewer   1.1-3   2022-04-03 [2] CRAN (R 4.4.1)
 rlang          1.1.6   2025-04-11 [2] CRAN (R 4.4.3)
 rstatix        0.7.3   2025-10-18 [2] CRAN (R 4.4.3)
 S7             0.2.0   2024-11-07 [2] CRAN (R 4.4.3)
 scales         1.4.0   2025-04-24 [2] CRAN (R 4.4.3)
 sessioninfo    1.2.3   2025-02-05 [2] CRAN (R 4.4.3)
 svglite        2.2.2   2025-10-21 [2] CRAN (R 4.4.3)
 systemfonts    1.3.1   2025-10-01 [2] CRAN (R 4.4.3)
 textshaping    1.0.4   2025-10-10 [2] CRAN (R 4.4.3)
 tibble         3.3.0   2025-06-08 [2] CRAN (R 4.4.3)
 tidyr        * 1.3.1   2024-01-24 [2] CRAN (R 4.4.1)
 tidyselect     1.2.1   2024-03-11 [2] CRAN (R 4.4.1)
 vctrs          0.6.5   2023-12-01 [2] CRAN (R 4.4.1)
 viridisLite    0.4.2   2023-05-02 [2] CRAN (R 4.4.1)
 withr          3.0.2   2024-10-28 [2] CRAN (R 4.4.1)

 [1] /jet/home/kbenjamin/R/x86_64-conda-linux-gnu-library/4.4
 [2] /ocean/projects/bio250020p/shared/opt/env/R_env/lib/R/library
 * -- Packages attached to the search path.

------------------------------------------------------------------------------
2026-09-22 12:21:31 - **** Panel manifest ****
Panels present: 22 / 22 
Supplements present: 15 / 15 
# A tibble: 22 x 4
   figure supp_number panel                                               exists
   <chr>  <chr>       <chr>                                               <lgl> 
 1 A      ""          liana edges -> pericytes                            TRUE  
 2 A      ""          liana edges -> AGTR2-det AT2                        TRUE  
 3 A      ""          NicheNet ligand->target (pericyte)                  TRUE  
 4 A      ""          alluvial cluster->category->role                    TRUE  
 5 B      ""          state UMAP                                          TRUE  
 6 B      ""          DPT pseudotime UMAP                                 TRUE  
 7 B      ""          PAGA states                                         TRUE  
 8 Supp   "S1"        Pericyte-layer supporting detail                    TRUE  
 9 Supp   "S2"        Agtr1a marks the mouse pericyte compartment         TRUE  
10 Supp   "S3"        Stability and annotation of human lung pericyte st~ TRUE  
# i 12 more rows
2026-09-22 12:21:32 - **** Job ends ****
