2026-09-08 12:53:42 - **** Job starts ****
Job id: 45543771

Currently Loaded Modules:
  1) anaconda3/2024.10-1

 

2026-09-08 12:53:44 - **** Cross-species comparability audit + cell-level Agtr1a ****
2026-09-08 12:55:32,387 [INFO] mural cells: 2745  pericytes: 99
2026-09-08 12:55:32,548 [INFO] wrote species_comparability_celltype_by_dataset.tsv
2026-09-08 12:55:32,549 [INFO] datasets supporting a within-dataset pericyte-vs-SMC contrast: 2 of 4
2026-09-08 12:55:32,569 [INFO] wrote species_comparability_state_by_celltype.tsv
2026-09-08 12:55:32,738 [INFO] wrote species_comparability_relenrich_human_algo.tsv
2026-09-08 12:55:36,592 [INFO] layers available: ['lognorm', 'scvi_corrected']
2026-09-08 12:55:36,741 [INFO] wrote species_comparability_agtr1a_by_layer.tsv
2026-09-08 12:55:37,000 [INFO] wrote species_comparability_agtr1a_within_dataset.tsv
2026-09-08 12:55:37,192 [INFO] wrote species_comparability_mural_cells.tsv
2026-09-08 12:55:37,245 [INFO] wrote species_comparability_pericyte_cells.tsv
2026-09-08 12:55:37,333 [INFO] wrote species_comparability_pericyte_by_donor.tsv
2026-09-08 12:55:37,333 [INFO] donors with >=1 Agtr1a+ pericyte: 23 of 26
2026-09-08 12:55:37,342 [INFO] wrote species_comparability_donor_detection_by_class.tsv
2026-09-08 12:55:37,345 [INFO] DONOR-level Fisher: pericyte 23/26 vs SMC 1/25, P = 3.19e-10
2026-09-08 12:55:37,347 [INFO] WITHIN-donor McNemar: 22 paired donors, b=19, c=0, P = 3.81e-06
2026-09-08 12:55:37,351 [INFO] wrote species_comparability_agtr1a_tests.tsv
2026-09-08 12:55:37,356 [INFO] wrote species_comparability_summary.tsv
2026-09-08 12:55:37,388 [INFO] 
--- published (raw magnitude) vs human rule (relative enrichment) ---
                       raw_magnitude_published  relative_enrichment_human_rule
synthetic_contractile                     1749                            1766
vascular_stabilizing                       503                             503
fibroblast_like                            250                             230
basement_membrane                          218                              13
inflammatory                                25                             230
activated_migratory                          0                               3
2026-09-08 12:55:37,390 [INFO] 
--- headline ---
                                        metric    value
                                 n_mural_cells  2745.00
                                   n_pericytes    99.00
                  pct_mural_that_are_pericytes     3.61
                             n_pericyte_donors    26.00
                           n_pericyte_datasets     2.00
         n_datasets_supporting_pericyte_vs_smc     2.00
pct_mural_in_single_largest_whole_lung_cluster    63.61
              n_human_pericytes_for_comparison 11680.00
-----
numpy               2.1.3
pandas              2.3.2
scanpy              1.11.4
scipy               1.15.3
session_info        v1.0.1
-----
Python 3.10.18 | packaged by conda-forge | (main, Jun  4 2025, 14:45:41) [GCC 13.3.0]
Linux-4.18.0-553.111.1.el8_10.x86_64-x86_64-with-glibc2.28
-----
Session information updated at 2026-09-08 12:55
2026-09-08 12:55:52 - **** Job ends ****
