2026-09-22 21:07:54 - **** Job starts ****
Job id: 46822527

Currently Loaded Modules:
  1) anaconda3/2024.10-1

 

2026-09-22 21:10:09 - **** S3: curated program gene sets (scRNA_env) ****
2026-09-22 21:16:04,373 [INFO] genes present in object: 102/102
2026-09-22 21:16:07,532 [INFO] wrote tsv/tableS03.tsv (157 rows)
2026-09-22 21:16:08,000 [INFO] registered part S03 in manifest_parts.tsv
2026-09-22 21:16:08,012 [INFO] activated_migratory: 8 curated, 8 present, absent = none

Reproducibility information:
-----
anndata             0.11.4
numpy               2.1.3
pandas              2.3.2
session_info        v1.0.1
-----
Python 3.10.18 | packaged by conda-forge | (main, Jun  4 2025, 14:45:41) [GCC 13.3.0]
Linux-4.18.0-553.22.1.el8_10.x86_64-x86_64-with-glibc2.28
-----
Session information updated at 2026-09-22 21:16
2026-09-22 21:18:57 - **** S1, S2: cohort characteristics and mouse cross-species ****
Warning message:
In fread(path, ...) :
  Detected 10 column names but the data has 11 columns (i.e. invalid file). Added an extra default column name for the first column which is guessed to be row names or an index. Use setnames() afterwards if this guess is not correct, or fix the file write command that created the file to create a valid file.
  [S01] Cohort and dataset characteristics                           37 x 26  complete
  [S02A] Mouse lung mural-cell composition and dataset comparabilit   61 x  3  complete
  [S02B] Within-dataset Agtr1a detection tests (pericytes vs smooth    5 x 13  complete
  [S02C1] Sequencing-depth dependence of raw Agtr1a detection in mou    6 x 12  complete
  [S02C2] Receptor specificity of the mouse mural signal (Agtr1a/Agt   18 x  6  complete

Reproducibility information:
[1] "2026-09-22 21:19:04 EDT"
- Session info -------------------------------------------------------------------------------------------------------
 setting  value
 version  R version 4.4.3 (2025-02-28)
 os       Red Hat Enterprise Linux 8.10 (Ootpa)
 system   x86_64, linux-gnu
 ui       X11
 language (EN)
 collate  C
 ctype    C
 tz       America/New_York
 date     2026-09-22
 pandoc   3.6.4 @ /ocean/projects/bio250020p/shared/opt/env/R_env/bin/pandoc
 quarto   NA

- Packages -----------------------------------------------------------------------------------------------------------
 package     * version date (UTC) lib source
 cli           3.6.5   2025-04-23 [2] CRAN (R 4.4.3)
 data.table  * 1.17.8  2025-07-10 [2] CRAN (R 4.4.3)
 dplyr       * 1.1.4   2023-11-17 [2] CRAN (R 4.4.1)
 generics      0.1.4   2025-05-09 [2] CRAN (R 4.4.3)
 glue          1.8.0   2024-09-30 [2] CRAN (R 4.4.1)
 lifecycle     1.0.4   2023-11-07 [2] CRAN (R 4.4.1)
 magrittr      2.0.4   2025-09-12 [2] CRAN (R 4.4.3)
 pillar        1.11.1  2025-09-17 [2] CRAN (R 4.4.3)
 pkgconfig     2.0.3   2019-09-22 [2] CRAN (R 4.4.1)
 R.methodsS3   1.8.2   2022-06-13 [2] CRAN (R 4.4.3)
 R.oo          1.27.1  2025-05-02 [2] CRAN (R 4.4.3)
 R.utils       2.13.0  2025-02-24 [2] CRAN (R 4.4.3)
 R6            2.6.1   2025-02-15 [2] CRAN (R 4.4.2)
 rlang         1.1.6   2025-04-11 [2] CRAN (R 4.4.3)
 sessioninfo   1.2.3   2025-02-05 [2] CRAN (R 4.4.3)
 tibble        3.3.0   2025-06-08 [2] CRAN (R 4.4.3)
 tidyselect    1.2.1   2024-03-11 [2] CRAN (R 4.4.1)
 vctrs         0.6.5   2023-12-01 [2] CRAN (R 4.4.1)

 [1] /jet/home/kbenjamin/R/x86_64-conda-linux-gnu-library/4.4
 [2] /ocean/projects/bio250020p/shared/opt/env/R_env/lib/R/library
 * -- Packages attached to the search path.

----------------------------------------------------------------------------------------------------------------------
2026-09-22 21:19:08 - **** S4, S5: cluster characteristics and AGTR1 models ****
denoised merge: 11680 of 11680 cells (100.0%)
  [S04] Stable pericyte cluster characteristics and program assign    6 x 31  complete
  [S05A] AGTR1 dropout model: observed vs depth-matched expected un    1 x 10  complete
  [S05B] Airspace-affinity models for AGTR1 (cell level and donor l    2 x 13  complete
  [S05C1] AGTR1 by pericyte program under three measurement lenses:     9 x  8  complete
  [S05C2] AGTR1 by pericyte program under three lenses: pairwise con    9 x  9  complete
  [S05C3] Top-ranked pericyte program under each AGTR1 measurement l    3 x  4  complete
  [S05D1] AGTR1 by pericyte subcluster under three measurement lense   18 x 16  complete
  [S05D2] AGTR1 by pericyte subcluster under three lenses: pairwise    45 x 13  complete
  [S05D3] AGTR1 abundance by pericyte subcluster from the count mode   36 x 19  complete
  [S05D4] AGTR1 abundance by pericyte subcluster from the count mode   90 x 14  complete

Reproducibility information:
[1] "2026-09-22 21:19:15 EDT"
- Session info -------------------------------------------------------------------------------------------------------
 setting  value
 version  R version 4.4.3 (2025-02-28)
 os       Red Hat Enterprise Linux 8.10 (Ootpa)
 system   x86_64, linux-gnu
 ui       X11
 language (EN)
 collate  C
 ctype    C
 tz       America/New_York
 date     2026-09-22
 pandoc   3.6.4 @ /ocean/projects/bio250020p/shared/opt/env/R_env/bin/pandoc
 quarto   NA

- Packages -----------------------------------------------------------------------------------------------------------
 package     * version date (UTC) lib source
 cli           3.6.5   2025-04-23 [2] CRAN (R 4.4.3)
 data.table  * 1.17.8  2025-07-10 [2] CRAN (R 4.4.3)
 dplyr       * 1.1.4   2023-11-17 [2] CRAN (R 4.4.1)
 generics      0.1.4   2025-05-09 [2] CRAN (R 4.4.3)
 glue          1.8.0   2024-09-30 [2] CRAN (R 4.4.1)
 lifecycle     1.0.4   2023-11-07 [2] CRAN (R 4.4.1)
 magrittr      2.0.4   2025-09-12 [2] CRAN (R 4.4.3)
 pillar        1.11.1  2025-09-17 [2] CRAN (R 4.4.3)
 pkgconfig     2.0.3   2019-09-22 [2] CRAN (R 4.4.1)
 R.methodsS3   1.8.2   2022-06-13 [2] CRAN (R 4.4.3)
 R.oo          1.27.1  2025-05-02 [2] CRAN (R 4.4.3)
 R.utils       2.13.0  2025-02-24 [2] CRAN (R 4.4.3)
 R6            2.6.1   2025-02-15 [2] CRAN (R 4.4.2)
 rlang         1.1.6   2025-04-11 [2] CRAN (R 4.4.3)
 sessioninfo   1.2.3   2025-02-05 [2] CRAN (R 4.4.3)
 tibble        3.3.0   2025-06-08 [2] CRAN (R 4.4.3)
 tidyselect    1.2.1   2024-03-11 [2] CRAN (R 4.4.1)
 vctrs         0.6.5   2023-12-01 [2] CRAN (R 4.4.1)

 [1] /jet/home/kbenjamin/R/x86_64-conda-linux-gnu-library/4.4
 [2] /ocean/projects/bio250020p/shared/opt/env/R_env/lib/R/library
 * -- Packages attached to the search path.

----------------------------------------------------------------------------------------------------------------------
2026-09-22 21:19:15 - **** S6: ACTA2 benchmark and CoGAPS validation ****
  [S06A] ACTA2 benchmark: AGTR1 is not reducible to ACTA2+ contract   22 x 13  complete
  [S06B1] CoGAPS rank selection: cross-seed pattern reproducibility     7 x 12  complete
  [S06B2] CoGAPS per-pattern cross-seed reproducibility at the selec    8 x  5  complete
  [S06B3] CoGAPS pattern-to-program correspondence: score correlatio  394 x 12  complete

Reproducibility information:
[1] "2026-09-22 21:19:16 EDT"
- Session info -------------------------------------------------------------------------------------------------------
 setting  value
 version  R version 4.4.3 (2025-02-28)
 os       Red Hat Enterprise Linux 8.10 (Ootpa)
 system   x86_64, linux-gnu
 ui       X11
 language (EN)
 collate  C
 ctype    C
 tz       America/New_York
 date     2026-09-22
 pandoc   3.6.4 @ /ocean/projects/bio250020p/shared/opt/env/R_env/bin/pandoc
 quarto   NA

- Packages -----------------------------------------------------------------------------------------------------------
 package     * version date (UTC) lib source
 cli           3.6.5   2025-04-23 [2] CRAN (R 4.4.3)
 data.table  * 1.17.8  2025-07-10 [2] CRAN (R 4.4.3)
 dplyr       * 1.1.4   2023-11-17 [2] CRAN (R 4.4.1)
 generics      0.1.4   2025-05-09 [2] CRAN (R 4.4.3)
 glue          1.8.0   2024-09-30 [2] CRAN (R 4.4.1)
 lifecycle     1.0.4   2023-11-07 [2] CRAN (R 4.4.1)
 magrittr      2.0.4   2025-09-12 [2] CRAN (R 4.4.3)
 pillar        1.11.1  2025-09-17 [2] CRAN (R 4.4.3)
 pkgconfig     2.0.3   2019-09-22 [2] CRAN (R 4.4.1)
 R.methodsS3   1.8.2   2022-06-13 [2] CRAN (R 4.4.3)
 R.oo          1.27.1  2025-05-02 [2] CRAN (R 4.4.3)
 R.utils       2.13.0  2025-02-24 [2] CRAN (R 4.4.3)
 R6            2.6.1   2025-02-15 [2] CRAN (R 4.4.2)
 rlang         1.1.6   2025-04-11 [2] CRAN (R 4.4.3)
 sessioninfo   1.2.3   2025-02-05 [2] CRAN (R 4.4.3)
 tibble        3.3.0   2025-06-08 [2] CRAN (R 4.4.3)
 tidyselect    1.2.1   2024-03-11 [2] CRAN (R 4.4.1)
 vctrs         0.6.5   2023-12-01 [2] CRAN (R 4.4.1)

 [1] /jet/home/kbenjamin/R/x86_64-conda-linux-gnu-library/4.4
 [2] /ocean/projects/bio250020p/shared/opt/env/R_env/lib/R/library
 * -- Packages attached to the search path.

----------------------------------------------------------------------------------------------------------------------
2026-09-22 21:19:16 - **** S7, S8, S9: correlations and basement membrane ****
Warning message:
In fread(path, ...) :
  Detected 4 column names but the data has 5 columns (i.e. invalid file). Added an extra default column name for the first column which is guessed to be row names or an index. Use setnames() afterwards if this guess is not correct, or fix the file write command that created the file to create a valid file.
  [S07] Donor- and cell-level correlations across the pericyte ana   49 x 15  complete
  [S08A] Basement-membrane panel definition and pericyte detection    20 x 12  complete
  [S08B] Per-gene pericyte selectivity of basement-membrane compone  459 x 25  complete
BM cohort: 2329 profiles, 220 donors, 22 cell types
  [S08C] Figure 3A/3B source data: matrix-panel expression across 2  440 x 14  complete
donor x cluster units (>=5 cells): 214; donors: 95
  [S09A] Cluster-level basement-membrane and contrast-panel scores    90 x 10  complete
  [S09B] Cluster-level basement-membrane scores: pairwise contrasts  225 x  9  complete
  [S09C] Basement-membrane score adjusted for the fibrillar-ECM pan   21 x 14  complete
  [S09E] Associations of the two matrix programs with AGTR1 and TGF   48 x 22  complete
  [S09D] Subpanel robustness of the basement-membrane program assig   37 x 24  complete

Reproducibility information:
[1] "2026-09-22 21:19:19 EDT"
- Session info -------------------------------------------------------------------------------------------------------
 setting  value
 version  R version 4.4.3 (2025-02-28)
 os       Red Hat Enterprise Linux 8.10 (Ootpa)
 system   x86_64, linux-gnu
 ui       X11
 language (EN)
 collate  C
 ctype    C
 tz       America/New_York
 date     2026-09-22
 pandoc   3.6.4 @ /ocean/projects/bio250020p/shared/opt/env/R_env/bin/pandoc
 quarto   NA

- Packages -----------------------------------------------------------------------------------------------------------
 package     * version date (UTC) lib source
 cli           3.6.5   2025-04-23 [2] CRAN (R 4.4.3)
 data.table  * 1.17.8  2025-07-10 [2] CRAN (R 4.4.3)
 dplyr       * 1.1.4   2023-11-17 [2] CRAN (R 4.4.1)
 generics      0.1.4   2025-05-09 [2] CRAN (R 4.4.3)
 glue          1.8.0   2024-09-30 [2] CRAN (R 4.4.1)
 lifecycle     1.0.4   2023-11-07 [2] CRAN (R 4.4.1)
 magrittr      2.0.4   2025-09-12 [2] CRAN (R 4.4.3)
 pillar        1.11.1  2025-09-17 [2] CRAN (R 4.4.3)
 pkgconfig     2.0.3   2019-09-22 [2] CRAN (R 4.4.1)
 R.methodsS3   1.8.2   2022-06-13 [2] CRAN (R 4.4.3)
 R.oo          1.27.1  2025-05-02 [2] CRAN (R 4.4.3)
 R.utils       2.13.0  2025-02-24 [2] CRAN (R 4.4.3)
 R6            2.6.1   2025-02-15 [2] CRAN (R 4.4.2)
 rlang         1.1.6   2025-04-11 [2] CRAN (R 4.4.3)
 sessioninfo   1.2.3   2025-02-05 [2] CRAN (R 4.4.3)
 tibble        3.3.0   2025-06-08 [2] CRAN (R 4.4.3)
 tidyselect    1.2.1   2024-03-11 [2] CRAN (R 4.4.1)
 vctrs         0.6.5   2023-12-01 [2] CRAN (R 4.4.1)

 [1] /jet/home/kbenjamin/R/x86_64-conda-linux-gnu-library/4.4
 [2] /ocean/projects/bio250020p/shared/opt/env/R_env/lib/R/library
 * -- Packages attached to the search path.

----------------------------------------------------------------------------------------------------------------------
2026-09-22 21:19:19 - **** S10, S11: NicheNet injury and BM target sets ****
  [S10A] NicheNet ligand prioritization for the pericyte injury pro  321 x 16  complete
  S10B: N_PERM derived from the p floor = 10000
  [S10B] Matched-gene-set specificity of the prioritized ligands (i   25 x 17  complete
  [S10C] Donor-level validation of the predicted sender-to-pericyte   10 x 16  complete
  [S10D] Robustness of ligand prioritization to the definition of t 3273 x 19  complete
  [S11A] Ligand prioritization against the basement-membrane target  321 x 19  complete
  [S11D] Ligand prioritization toward basement-membrane versus fibr  321 x 13  complete
  [S11B] Comparison of basement-membrane and injury-program ligand     7 x  2  complete
  [S11C] Full ligand-to-basement-membrane-target regulatory-potenti 3852 x 11  complete

Reproducibility information:
[1] "2026-09-22 21:19:21 EDT"
- Session info -------------------------------------------------------------------------------------------------------
 setting  value
 version  R version 4.4.3 (2025-02-28)
 os       Red Hat Enterprise Linux 8.10 (Ootpa)
 system   x86_64, linux-gnu
 ui       X11
 language (EN)
 collate  C
 ctype    C
 tz       America/New_York
 date     2026-09-22
 pandoc   3.6.4 @ /ocean/projects/bio250020p/shared/opt/env/R_env/bin/pandoc
 quarto   NA

- Packages -----------------------------------------------------------------------------------------------------------
 package     * version date (UTC) lib source
 cli           3.6.5   2025-04-23 [2] CRAN (R 4.4.3)
 data.table  * 1.17.8  2025-07-10 [2] CRAN (R 4.4.3)
 dplyr       * 1.1.4   2023-11-17 [2] CRAN (R 4.4.1)
 generics      0.1.4   2025-05-09 [2] CRAN (R 4.4.3)
 glue          1.8.0   2024-09-30 [2] CRAN (R 4.4.1)
 lifecycle     1.0.4   2023-11-07 [2] CRAN (R 4.4.1)
 magrittr      2.0.4   2025-09-12 [2] CRAN (R 4.4.3)
 pillar        1.11.1  2025-09-17 [2] CRAN (R 4.4.3)
 pkgconfig     2.0.3   2019-09-22 [2] CRAN (R 4.4.1)
 R.methodsS3   1.8.2   2022-06-13 [2] CRAN (R 4.4.3)
 R.oo          1.27.1  2025-05-02 [2] CRAN (R 4.4.3)
 R.utils       2.13.0  2025-02-24 [2] CRAN (R 4.4.3)
 R6            2.6.1   2025-02-15 [2] CRAN (R 4.4.2)
 rlang         1.1.6   2025-04-11 [2] CRAN (R 4.4.3)
 sessioninfo   1.2.3   2025-02-05 [2] CRAN (R 4.4.3)
 tibble        3.3.0   2025-06-08 [2] CRAN (R 4.4.3)
 tidyselect    1.2.1   2024-03-11 [2] CRAN (R 4.4.1)
 vctrs         0.6.5   2023-12-01 [2] CRAN (R 4.4.1)

 [1] /jet/home/kbenjamin/R/x86_64-conda-linux-gnu-library/4.4
 [2] /ocean/projects/bio250020p/shared/opt/env/R_env/lib/R/library
 * -- Packages attached to the search path.

----------------------------------------------------------------------------------------------------------------------
2026-09-22 21:19:21 - **** S12, S13B-D: local RAS and pericyte composition by disease ****
RAS cohort: 4376 profiles, 417 donors, 22 cell types
  [S12A] Cell-type expression landscape of the local lung renin-ang  396 x 17  complete
  [S12B] Circuit-role classification: completeness of the angiotens   22 x 16  complete
  [S12C] AGT rank stability, ligand coexpression, and predicted-tar  114 x 38  complete
  [S13B] Six stable cluster fractions by disease group               108 x 27  complete
  [S13C] Three dominant-program fractions by disease group            54 x 27  complete
  [S13D] Grouped injury-associated state fraction by disease group    16 x 26  complete

Reproducibility information:
[1] "2026-09-22 21:19:24 EDT"
- Session info -------------------------------------------------------------------------------------------------------
 setting  value
 version  R version 4.4.3 (2025-02-28)
 os       Red Hat Enterprise Linux 8.10 (Ootpa)
 system   x86_64, linux-gnu
 ui       X11
 language (EN)
 collate  C
 ctype    C
 tz       America/New_York
 date     2026-09-22
 pandoc   3.6.4 @ /ocean/projects/bio250020p/shared/opt/env/R_env/bin/pandoc
 quarto   NA

- Packages -----------------------------------------------------------------------------------------------------------
 package     * version date (UTC) lib source
 cli           3.6.5   2025-04-23 [2] CRAN (R 4.4.3)
 data.table  * 1.17.8  2025-07-10 [2] CRAN (R 4.4.3)
 dplyr       * 1.1.4   2023-11-17 [2] CRAN (R 4.4.1)
 generics      0.1.4   2025-05-09 [2] CRAN (R 4.4.3)
 glue          1.8.0   2024-09-30 [2] CRAN (R 4.4.1)
 lifecycle     1.0.4   2023-11-07 [2] CRAN (R 4.4.1)
 magrittr      2.0.4   2025-09-12 [2] CRAN (R 4.4.3)
 pillar        1.11.1  2025-09-17 [2] CRAN (R 4.4.3)
 pkgconfig     2.0.3   2019-09-22 [2] CRAN (R 4.4.1)
 R.methodsS3   1.8.2   2022-06-13 [2] CRAN (R 4.4.3)
 R.oo          1.27.1  2025-05-02 [2] CRAN (R 4.4.3)
 R.utils       2.13.0  2025-02-24 [2] CRAN (R 4.4.3)
 R6            2.6.1   2025-02-15 [2] CRAN (R 4.4.2)
 rlang         1.1.6   2025-04-11 [2] CRAN (R 4.4.3)
 sessioninfo   1.2.3   2025-02-05 [2] CRAN (R 4.4.3)
 tibble        3.3.0   2025-06-08 [2] CRAN (R 4.4.3)
 tidyselect    1.2.1   2024-03-11 [2] CRAN (R 4.4.1)
 vctrs         0.6.5   2023-12-01 [2] CRAN (R 4.4.1)

 [1] /jet/home/kbenjamin/R/x86_64-conda-linux-gnu-library/4.4
 [2] /ocean/projects/bio250020p/shared/opt/env/R_env/lib/R/library
 * -- Packages attached to the search path.

----------------------------------------------------------------------------------------------------------------------
2026-09-22 21:19:24 - **** S15A-F: distributed-RAS circuit (Figure 5, S18) ****
  [S15A] Niche-affinity decomposition of the pericyte airspace scor   58 x 37  complete
  [S15B] Donor-level RAS covariance restricted to the proposed DAG   137 x 36  complete
  [S15C] AngII response signature: provenance and disjointness audi   60 x 17  complete
  [S15D] Pericyte AT1R-response programme vs AGTR1, the continuum a  160 x 39  complete
  [S15E] Basement-membrane versus fibrillar matrix along the AT1R-r   21 x 28  complete
  [S15F] Outgoing pericyte communication: LIANA edges, NicheNet (pe  122 x 37  complete
2026-09-22 21:19:26 - **** Anchor checks + workbook ****

==== anchor checks ====
                                    check     expected     observed passed
                                   <char>        <num>        <num> <lgcl>
 1:             S10A TGFB2 corrected AUPR    0.2081700 2.081703e-01   TRUE
 2:             S10A TGFB1 corrected AUPR    0.2030570 2.030569e-01   TRUE
 3:                         S10A AGT rank   11.0000000 1.100000e+01   TRUE
 4:              S11A MMP14 permutation z   24.5837900 2.458379e+01   TRUE
 5:                         S11A MMP14 BH    0.0321000 3.209679e-02   TRUE
 6:                S11A n FDR-significant    1.0000000 1.000000e+00   TRUE
 7:                    S11A TGFB2 BM rank    5.0000000 5.000000e+00   TRUE
 8:                    S11A TGFB1 BM rank    8.0000000 8.000000e+00   TRUE
 9:            S05A dropout obs/exp ratio    0.9911200 9.911178e-01   TRUE
10:                         S08C BM genes   20.0000000 2.000000e+01   TRUE
11:                       S08C cell types   22.0000000 2.200000e+01   TRUE
12:                   S08C donor profiles 2329.0000000 2.329000e+03   TRUE
13:                       S12A cell types   22.0000000 2.200000e+01   TRUE
14:                   S12A donor profiles 4376.0000000 4.376000e+03   TRUE
15:                S12A max REN detection    0.0229000 2.290864e-02   TRUE
16:     S12B AGTR1 detection in pericytes    0.3418000 3.417618e-01   TRUE
17:     S12B complete autonomous circuits    0.0000000 0.000000e+00   TRUE
18:                   S12B max core roles    1.0000000 1.000000e+00   TRUE
19:    S09B BM-score contrasts at BH<0.05   10.0000000 1.000000e+01   TRUE
20: S02C1 detection-vs-depth rho (pooled)    0.3559018 3.559018e-01   TRUE
21:   S13D (>=20) Healthy injury fraction    0.0158929 1.589289e-02   TRUE
                                    check     expected     observed passed
    threshold_dependent
                 <lgcl>
 1:               FALSE
 2:               FALSE
 3:               FALSE
 4:               FALSE
 5:               FALSE
 6:               FALSE
 7:               FALSE
 8:               FALSE
 9:               FALSE
10:               FALSE
11:               FALSE
12:               FALSE
13:               FALSE
14:               FALSE
15:               FALSE
16:               FALSE
17:               FALSE
18:               FALSE
19:               FALSE
20:               FALSE
21:                TRUE
    threshold_dependent
all 21 anchor checks passed

wrote /ocean/projects/bio260021p/kbenjamin/projects/angiotensinII_lung/tables/_m/supplementary_tables.xlsx with 50 sheets
      part n_rows n_cols   status
    <char>  <int>  <int>   <char>
 1:     01     37     26 complete
 2:    02A     61      3 complete
 3:    02B      5     13 complete
 4:   02C1      6     12 complete
 5:   02C2     18      6 complete
 6:     03    157     12 complete
 7:     04      6     31 complete
 8:    05A      1     10 complete
 9:    05B      2     13 complete
10:   05C1      9      8 complete
11:   05C2      9      9 complete
12:   05C3      3      4 complete
13:   05D1     18     16 complete
14:   05D2     45     13 complete
15:   05D3     36     19 complete
16:   05D4     90     14 complete
17:    06A     22     13 complete
18:   06B1      7     12 complete
19:   06B2      8      5 complete
20:   06B3    394     12 complete
21:     07     49     15 complete
22:    08A     20     12 complete
23:    08B    459     25 complete
24:    08C    440     14 complete
25:    09A     90     10 complete
26:    09B    225      9 complete
27:    09C     21     14 complete
28:    09D     37     24 complete
29:    09E     48     22 complete
30:    10A    321     16 complete
31:    10B     25     17 complete
32:    10C     10     16 complete
33:    10D   3273     19 complete
34:    11A    321     19 complete
35:    11B      7      2 complete
36:    11C   3852     11 complete
37:    11D    321     13 complete
38:    12A    396     17 complete
39:    12B     22     16 complete
40:    12C    114     38 complete
41:    13B    108     27 complete
42:    13C     54     27 complete
43:    13D     16     26 complete
44:    15A     58     37 complete
45:    15B    137     36 complete
46:    15C     60     17 complete
47:    15D    160     39 complete
48:    15E     21     28 complete
49:    15F    122     37 complete
      part n_rows n_cols   status

Reproducibility information:
[1] "2026-09-22 21:19:27 EDT"
- Session info -------------------------------------------------------------------------------------------------------
 setting  value
 version  R version 4.4.3 (2025-02-28)
 os       Red Hat Enterprise Linux 8.10 (Ootpa)
 system   x86_64, linux-gnu
 ui       X11
 language (EN)
 collate  C
 ctype    C
 tz       America/New_York
 date     2026-09-22
 pandoc   3.6.4 @ /ocean/projects/bio250020p/shared/opt/env/R_env/bin/pandoc
 quarto   NA

- Packages -----------------------------------------------------------------------------------------------------------
 package     * version date (UTC) lib source
 cli           3.6.5   2025-04-23 [2] CRAN (R 4.4.3)
 data.table  * 1.17.8  2025-07-10 [2] CRAN (R 4.4.3)
 dplyr       * 1.1.4   2023-11-17 [2] CRAN (R 4.4.1)
 generics      0.1.4   2025-05-09 [2] CRAN (R 4.4.3)
 glue          1.8.0   2024-09-30 [2] CRAN (R 4.4.1)
 lifecycle     1.0.4   2023-11-07 [2] CRAN (R 4.4.1)
 magrittr      2.0.4   2025-09-12 [2] CRAN (R 4.4.3)
 pillar        1.11.1  2025-09-17 [2] CRAN (R 4.4.3)
 pkgconfig     2.0.3   2019-09-22 [2] CRAN (R 4.4.1)
 R6            2.6.1   2025-02-15 [2] CRAN (R 4.4.2)
 rlang         1.1.6   2025-04-11 [2] CRAN (R 4.4.3)
 sessioninfo   1.2.3   2025-02-05 [2] CRAN (R 4.4.3)
 tibble        3.3.0   2025-06-08 [2] CRAN (R 4.4.3)
 tidyselect    1.2.1   2024-03-11 [2] CRAN (R 4.4.1)
 vctrs         0.6.5   2023-12-01 [2] CRAN (R 4.4.1)
 writexl     * 1.5.4   2025-04-15 [2] CRAN (R 4.4.3)

 [1] /jet/home/kbenjamin/R/x86_64-conda-linux-gnu-library/4.4
 [2] /ocean/projects/bio250020p/shared/opt/env/R_env/lib/R/library
 * -- Packages attached to the search path.

----------------------------------------------------------------------------------------------------------------------
2026-09-22 21:19:28 - **** Job ends ****
